[08-12 00:29:25]: [INFO] Created column 'regdate' and set the current timestamp, 1786494565638, to all 0 rows
[08-12 00:29:25]: [INFO] SQLite Setup finished
[08-12 00:29:25]: [INFO] Hooked into Vault!
[08-12 00:29:25]: [INFO] Hooked successfully into Essentials
[08-12 00:29:25]: [INFO] Essentials spawn file not found: '/workspaces/servidor/plugins/Essentials/spawn.yml'
[08-12 00:29:26]: [WARN] WARNING! The protectInventory feature requires PacketEvents! Disabling it...
[08-12 00:29:26]: [INFO] AuthMe 6.0.0 build n.2734 successfully enabled!
[08-12 00:29:33]: [INFO] Downloading GEO IP database, because the old database is older than 30 days or doesn't exist
[08-12 00:29:33]: [WARN] No MaxMind credentials found in the configuration file! GeoIp protections will be disabled.
[08-12 00:29:33]: [INFO] There is no newer GEO IP database uploaded to MaxMind. Using the old one for now.
[08-12 00:29:33]: [WARN] Could not download GeoLiteAPI database [FileNotFoundException]: plugins/AuthMe/GeoLite2-Country.mmdb (No such file or directory)
[08-12 00:29:33]: java.io.FileNotFoundException: plugins/AuthMe/GeoLite2-Country.mmdb (No such file or directory)
	at java.base/java.io.RandomAccessFile.open0(Native Method)
	at java.base/java.io.RandomAccessFile.open(RandomAccessFile.java:338)
	at java.base/java.io.RandomAccessFile.<init>(RandomAccessFile.java:257)
	at java.base/java.io.RandomAccessFile.<init>(RandomAccessFile.java:211)
	at com.maxmind.db.BufferHolder.<init>(BufferHolder.java:19)
	at com.maxmind.db.Reader.<init>(Reader.java:119)
	at com.maxmind.geoip2.DatabaseReader.<init>(DatabaseReader.java:106)
	at com.maxmind.geoip2.DatabaseReader$Builder.build(DatabaseReader.java:238)
	at AuthMe-6.0.0-Paper.jar//fr.xephi.authme.service.GeoIpService.startReading(GeoIpService.java:183)
	at AuthMe-6.0.0-Paper.jar//fr.xephi.authme.service.GeoIpService.updateDatabase(GeoIpService.java:150)
	at org.bukkit.craftbukkit.scheduler.CraftTask.run(CraftTask.java:78)
	at org.bukkit.craftbukkit.scheduler.CraftAsyncTask.run(CraftAsyncTask.java:57)
	at com.destroystokyo.paper.ServerSchedulerReportingWrapper.run(ServerSchedulerReportingWrapper.java:22)
	at java.base/java.util.concurrent.ThreadPoolExecutor.runWorker(ThreadPoolExecutor.java:1090)
	at java.base/java.util.concurrent.ThreadPoolExecutor$Worker.run(ThreadPoolExecutor.java:614)
	at java.base/java.lang.Thread.run(Thread.java:1474)

[08-12 00:30:05]: [FINE] wuillian_tv registered 186.208.86.22
[08-12 00:30:05]: [FINE] wuillian_tv logged in 186.208.86.22
[08-12 00:35:18]: [FINE] wuillian_tv logged in 186.208.86.22
[08-12 00:35:53]: [INFO] AuthMe 6.0.0-b2734 disabled!
[08-12 00:36:58]: [INFO] SQLite Setup finished
[08-12 00:36:58]: [INFO] Hooked into Vault!
[08-12 00:36:58]: [INFO] Hooked successfully into Essentials
[08-12 00:36:58]: [INFO] Essentials spawn file not found: '/workspaces/servidor/plugins/Essentials/spawn.yml'
[08-12 00:36:59]: [WARN] WARNING! The protectInventory feature requires PacketEvents! Disabling it...
[08-12 00:36:59]: [INFO] AuthMe 6.0.0 build n.2734 successfully enabled!
[08-12 00:37:06]: [INFO] Downloading GEO IP database, because the old database is older than 30 days or doesn't exist
[08-12 00:37:06]: [WARN] No MaxMind credentials found in the configuration file! GeoIp protections will be disabled.
[08-12 00:37:06]: [INFO] There is no newer GEO IP database uploaded to MaxMind. Using the old one for now.
[08-12 00:37:06]: [WARN] Could not download GeoLiteAPI database [FileNotFoundException]: plugins/AuthMe/GeoLite2-Country.mmdb (No such file or directory)
[08-12 00:37:06]: java.io.FileNotFoundException: plugins/AuthMe/GeoLite2-Country.mmdb (No such file or directory)
	at java.base/java.io.RandomAccessFile.open0(Native Method)
	at java.base/java.io.RandomAccessFile.open(RandomAccessFile.java:338)
	at java.base/java.io.RandomAccessFile.<init>(RandomAccessFile.java:257)
	at java.base/java.io.RandomAccessFile.<init>(RandomAccessFile.java:211)
	at com.maxmind.db.BufferHolder.<init>(BufferHolder.java:19)
	at com.maxmind.db.Reader.<init>(Reader.java:119)
	at com.maxmind.geoip2.DatabaseReader.<init>(DatabaseReader.java:106)
	at com.maxmind.geoip2.DatabaseReader$Builder.build(DatabaseReader.java:238)
	at AuthMe-6.0.0-Paper.jar//fr.xephi.authme.service.GeoIpService.startReading(GeoIpService.java:183)
	at AuthMe-6.0.0-Paper.jar//fr.xephi.authme.service.GeoIpService.updateDatabase(GeoIpService.java:150)
	at org.bukkit.craftbukkit.scheduler.CraftTask.run(CraftTask.java:78)
	at org.bukkit.craftbukkit.scheduler.CraftAsyncTask.run(CraftAsyncTask.java:57)
	at com.destroystokyo.paper.ServerSchedulerReportingWrapper.run(ServerSchedulerReportingWrapper.java:22)
	at java.base/java.util.concurrent.ThreadPoolExecutor.runWorker(ThreadPoolExecutor.java:1090)
	at java.base/java.util.concurrent.ThreadPoolExecutor$Worker.run(ThreadPoolExecutor.java:614)
	at java.base/java.lang.Thread.run(Thread.java:1474)

[08-12 00:37:21]: [FINE] wuillian_tv logged in 186.208.86.22
[08-12 00:40:34]: [INFO] AuthMe 6.0.0-b2734 disabled!
[08-12 00:45:57]: [INFO] SQLite Setup finished
[08-12 00:45:57]: [INFO] Hooked into Vault!
[08-12 00:45:57]: [INFO] Hooked successfully into Essentials
[08-12 00:45:57]: [INFO] Essentials spawn file not found: '/workspaces/servidor/plugins/Essentials/spawn.yml'
[08-12 00:45:58]: [WARN] WARNING! The protectInventory feature requires PacketEvents! Disabling it...
[08-12 00:45:58]: [INFO] AuthMe 6.0.0 build n.2734 successfully enabled!
[08-12 00:46:06]: [INFO] Downloading GEO IP database, because the old database is older than 30 days or doesn't exist
[08-12 00:46:06]: [WARN] No MaxMind credentials found in the configuration file! GeoIp protections will be disabled.
[08-12 00:46:06]: [INFO] There is no newer GEO IP database uploaded to MaxMind. Using the old one for now.
[08-12 00:46:06]: [WARN] Could not download GeoLiteAPI database [FileNotFoundException]: plugins/AuthMe/GeoLite2-Country.mmdb (No such file or directory)
[08-12 00:46:06]: java.io.FileNotFoundException: plugins/AuthMe/GeoLite2-Country.mmdb (No such file or directory)
	at java.base/java.io.RandomAccessFile.open0(Native Method)
	at java.base/java.io.RandomAccessFile.open(RandomAccessFile.java:338)
	at java.base/java.io.RandomAccessFile.<init>(RandomAccessFile.java:257)
	at java.base/java.io.RandomAccessFile.<init>(RandomAccessFile.java:211)
	at com.maxmind.db.BufferHolder.<init>(BufferHolder.java:19)
	at com.maxmind.db.Reader.<init>(Reader.java:119)
	at com.maxmind.geoip2.DatabaseReader.<init>(DatabaseReader.java:106)
	at com.maxmind.geoip2.DatabaseReader$Builder.build(DatabaseReader.java:238)
	at AuthMe-6.0.0-Paper.jar//fr.xephi.authme.service.GeoIpService.startReading(GeoIpService.java:183)
	at AuthMe-6.0.0-Paper.jar//fr.xephi.authme.service.GeoIpService.updateDatabase(GeoIpService.java:150)
	at org.bukkit.craftbukkit.scheduler.CraftTask.run(CraftTask.java:78)
	at org.bukkit.craftbukkit.scheduler.CraftAsyncTask.run(CraftAsyncTask.java:57)
	at com.destroystokyo.paper.ServerSchedulerReportingWrapper.run(ServerSchedulerReportingWrapper.java:22)
	at java.base/java.util.concurrent.ThreadPoolExecutor.runWorker(ThreadPoolExecutor.java:1090)
	at java.base/java.util.concurrent.ThreadPoolExecutor$Worker.run(ThreadPoolExecutor.java:614)
	at java.base/java.lang.Thread.run(Thread.java:1474)

[08-12 00:46:19]: [FINE] wuillian_tv logged in 186.208.86.22
[08-12 00:47:47]: [INFO] AuthMe 6.0.0-b2734 disabled!
[08-12 00:48:33]: [INFO] SQLite Setup finished
[08-12 00:48:33]: [INFO] Hooked into Vault!
[08-12 00:48:33]: [INFO] Hooked successfully into Essentials
[08-12 00:48:33]: [INFO] Essentials spawn file not found: '/workspaces/servidor/plugins/Essentials/spawn.yml'
[08-12 00:48:33]: [WARN] WARNING! The protectInventory feature requires PacketEvents! Disabling it...
[08-12 00:48:33]: [INFO] AuthMe 6.0.0 build n.2734 successfully enabled!
[08-12 00:48:40]: [INFO] Downloading GEO IP database, because the old database is older than 30 days or doesn't exist
[08-12 00:48:40]: [WARN] No MaxMind credentials found in the configuration file! GeoIp protections will be disabled.
[08-12 00:48:40]: [INFO] There is no newer GEO IP database uploaded to MaxMind. Using the old one for now.
[08-12 00:48:40]: [WARN] Could not download GeoLiteAPI database [FileNotFoundException]: plugins/AuthMe/GeoLite2-Country.mmdb (No such file or directory)
[08-12 00:48:40]: java.io.FileNotFoundException: plugins/AuthMe/GeoLite2-Country.mmdb (No such file or directory)
	at java.base/java.io.RandomAccessFile.open0(Native Method)
	at java.base/java.io.RandomAccessFile.open(RandomAccessFile.java:338)
	at java.base/java.io.RandomAccessFile.<init>(RandomAccessFile.java:257)
	at java.base/java.io.RandomAccessFile.<init>(RandomAccessFile.java:211)
	at com.maxmind.db.BufferHolder.<init>(BufferHolder.java:19)
	at com.maxmind.db.Reader.<init>(Reader.java:119)
	at com.maxmind.geoip2.DatabaseReader.<init>(DatabaseReader.java:106)
	at com.maxmind.geoip2.DatabaseReader$Builder.build(DatabaseReader.java:238)
	at AuthMe-6.0.0-Paper.jar//fr.xephi.authme.service.GeoIpService.startReading(GeoIpService.java:183)
	at AuthMe-6.0.0-Paper.jar//fr.xephi.authme.service.GeoIpService.updateDatabase(GeoIpService.java:150)
	at org.bukkit.craftbukkit.scheduler.CraftTask.run(CraftTask.java:78)
	at org.bukkit.craftbukkit.scheduler.CraftAsyncTask.run(CraftAsyncTask.java:57)
	at com.destroystokyo.paper.ServerSchedulerReportingWrapper.run(ServerSchedulerReportingWrapper.java:22)
	at java.base/java.util.concurrent.ThreadPoolExecutor.runWorker(ThreadPoolExecutor.java:1090)
	at java.base/java.util.concurrent.ThreadPoolExecutor$Worker.run(ThreadPoolExecutor.java:614)
	at java.base/java.lang.Thread.run(Thread.java:1474)

[08-12 00:48:56]: [FINE] wuillian_tv logged in 186.208.86.22
[08-12 01:19:57]: [INFO] AuthMe 6.0.0-b2734 disabled!
[08-12 01:20:32]: [INFO] SQLite Setup finished
[08-12 01:20:33]: [INFO] Hooked into Vault!
[08-12 01:20:33]: [INFO] Hooked successfully into Essentials
[08-12 01:20:33]: [INFO] Essentials spawn file not found: '/workspaces/servidor/plugins/Essentials/spawn.yml'
[08-12 01:20:33]: [WARN] WARNING! The protectInventory feature requires PacketEvents! Disabling it...
[08-12 01:20:33]: [INFO] AuthMe 6.0.0 build n.2734 successfully enabled!
[08-12 01:20:40]: [INFO] Downloading GEO IP database, because the old database is older than 30 days or doesn't exist
[08-12 01:20:40]: [WARN] No MaxMind credentials found in the configuration file! GeoIp protections will be disabled.
[08-12 01:20:40]: [INFO] There is no newer GEO IP database uploaded to MaxMind. Using the old one for now.
[08-12 01:20:40]: [WARN] Could not download GeoLiteAPI database [FileNotFoundException]: plugins/AuthMe/GeoLite2-Country.mmdb (No such file or directory)
[08-12 01:20:40]: java.io.FileNotFoundException: plugins/AuthMe/GeoLite2-Country.mmdb (No such file or directory)
	at java.base/java.io.RandomAccessFile.open0(Native Method)
	at java.base/java.io.RandomAccessFile.open(RandomAccessFile.java:338)
	at java.base/java.io.RandomAccessFile.<init>(RandomAccessFile.java:257)
	at java.base/java.io.RandomAccessFile.<init>(RandomAccessFile.java:211)
	at com.maxmind.db.BufferHolder.<init>(BufferHolder.java:19)
	at com.maxmind.db.Reader.<init>(Reader.java:119)
	at com.maxmind.geoip2.DatabaseReader.<init>(DatabaseReader.java:106)
	at com.maxmind.geoip2.DatabaseReader$Builder.build(DatabaseReader.java:238)
	at AuthMe-6.0.0-Paper.jar//fr.xephi.authme.service.GeoIpService.startReading(GeoIpService.java:183)
	at AuthMe-6.0.0-Paper.jar//fr.xephi.authme.service.GeoIpService.updateDatabase(GeoIpService.java:150)
	at org.bukkit.craftbukkit.scheduler.CraftTask.run(CraftTask.java:78)
	at org.bukkit.craftbukkit.scheduler.CraftAsyncTask.run(CraftAsyncTask.java:57)
	at com.destroystokyo.paper.ServerSchedulerReportingWrapper.run(ServerSchedulerReportingWrapper.java:22)
	at java.base/java.util.concurrent.ThreadPoolExecutor.runWorker(ThreadPoolExecutor.java:1090)
	at java.base/java.util.concurrent.ThreadPoolExecutor$Worker.run(ThreadPoolExecutor.java:614)
	at java.base/java.lang.Thread.run(Thread.java:1474)

[08-12 01:20:58]: [FINE] wuillian_tv logged in 186.208.86.22
[08-12 01:23:34]: [INFO] AuthMe 6.0.0-b2734 disabled!
[08-12 01:24:23]: [INFO] SQLite Setup finished
[08-12 01:24:23]: [INFO] Hooked into Vault!
[08-12 01:24:23]: [INFO] Hooked successfully into Essentials
[08-12 01:24:23]: [INFO] Essentials spawn file not found: '/workspaces/servidor/plugins/Essentials/spawn.yml'
[08-12 01:24:23]: [WARN] WARNING! The protectInventory feature requires PacketEvents! Disabling it...
[08-12 01:24:23]: [INFO] AuthMe 6.0.0 build n.2734 successfully enabled!
[08-12 01:24:30]: [INFO] Downloading GEO IP database, because the old database is older than 30 days or doesn't exist
[08-12 01:24:30]: [WARN] No MaxMind credentials found in the configuration file! GeoIp protections will be disabled.
[08-12 01:24:30]: [INFO] There is no newer GEO IP database uploaded to MaxMind. Using the old one for now.
[08-12 01:24:30]: [WARN] Could not download GeoLiteAPI database [FileNotFoundException]: plugins/AuthMe/GeoLite2-Country.mmdb (No such file or directory)
[08-12 01:24:30]: java.io.FileNotFoundException: plugins/AuthMe/GeoLite2-Country.mmdb (No such file or directory)
	at java.base/java.io.RandomAccessFile.open0(Native Method)
	at java.base/java.io.RandomAccessFile.open(RandomAccessFile.java:338)
	at java.base/java.io.RandomAccessFile.<init>(RandomAccessFile.java:257)
	at java.base/java.io.RandomAccessFile.<init>(RandomAccessFile.java:211)
	at com.maxmind.db.BufferHolder.<init>(BufferHolder.java:19)
	at com.maxmind.db.Reader.<init>(Reader.java:119)
	at com.maxmind.geoip2.DatabaseReader.<init>(DatabaseReader.java:106)
	at com.maxmind.geoip2.DatabaseReader$Builder.build(DatabaseReader.java:238)
	at AuthMe-6.0.0-Paper.jar//fr.xephi.authme.service.GeoIpService.startReading(GeoIpService.java:183)
	at AuthMe-6.0.0-Paper.jar//fr.xephi.authme.service.GeoIpService.updateDatabase(GeoIpService.java:150)
	at org.bukkit.craftbukkit.scheduler.CraftTask.run(CraftTask.java:78)
	at org.bukkit.craftbukkit.scheduler.CraftAsyncTask.run(CraftAsyncTask.java:57)
	at com.destroystokyo.paper.ServerSchedulerReportingWrapper.run(ServerSchedulerReportingWrapper.java:22)
	at java.base/java.util.concurrent.ThreadPoolExecutor.runWorker(ThreadPoolExecutor.java:1090)
	at java.base/java.util.concurrent.ThreadPoolExecutor$Worker.run(ThreadPoolExecutor.java:614)
	at java.base/java.lang.Thread.run(Thread.java:1474)

[08-12 01:24:42]: [FINE] wuillian_tv logged in 186.208.86.22
[08-12 01:46:31]: [FINE] wuillian_tv logged in 186.208.86.22
[08-12 01:55:01]: [INFO] AuthMe 6.0.0-b2734 disabled!
[08-12 01:57:10]: [INFO] SQLite Setup finished
[08-12 01:57:10]: [INFO] Hooked into Vault!
[08-12 01:57:10]: [INFO] Hooked successfully into Essentials
[08-12 01:57:10]: [INFO] Essentials spawn file not found: '/workspaces/servidor/plugins/Essentials/spawn.yml'
[08-12 01:57:10]: [WARN] WARNING! The protectInventory feature requires PacketEvents! Disabling it...
[08-12 01:57:10]: [INFO] AuthMe 6.0.0 build n.2734 successfully enabled!
[08-12 01:57:17]: [INFO] Downloading GEO IP database, because the old database is older than 30 days or doesn't exist
[08-12 01:57:17]: [WARN] No MaxMind credentials found in the configuration file! GeoIp protections will be disabled.
[08-12 01:57:17]: [INFO] There is no newer GEO IP database uploaded to MaxMind. Using the old one for now.
[08-12 01:57:17]: [WARN] Could not download GeoLiteAPI database [FileNotFoundException]: plugins/AuthMe/GeoLite2-Country.mmdb (No such file or directory)
[08-12 01:57:18]: java.io.FileNotFoundException: plugins/AuthMe/GeoLite2-Country.mmdb (No such file or directory)
	at java.base/java.io.RandomAccessFile.open0(Native Method)
	at java.base/java.io.RandomAccessFile.open(RandomAccessFile.java:338)
	at java.base/java.io.RandomAccessFile.<init>(RandomAccessFile.java:257)
	at java.base/java.io.RandomAccessFile.<init>(RandomAccessFile.java:211)
	at com.maxmind.db.BufferHolder.<init>(BufferHolder.java:19)
	at com.maxmind.db.Reader.<init>(Reader.java:119)
	at com.maxmind.geoip2.DatabaseReader.<init>(DatabaseReader.java:106)
	at com.maxmind.geoip2.DatabaseReader$Builder.build(DatabaseReader.java:238)
	at AuthMe-6.0.0-Paper.jar//fr.xephi.authme.service.GeoIpService.startReading(GeoIpService.java:183)
	at AuthMe-6.0.0-Paper.jar//fr.xephi.authme.service.GeoIpService.updateDatabase(GeoIpService.java:150)
	at org.bukkit.craftbukkit.scheduler.CraftTask.run(CraftTask.java:78)
	at org.bukkit.craftbukkit.scheduler.CraftAsyncTask.run(CraftAsyncTask.java:57)
	at com.destroystokyo.paper.ServerSchedulerReportingWrapper.run(ServerSchedulerReportingWrapper.java:22)
	at java.base/java.util.concurrent.ThreadPoolExecutor.runWorker(ThreadPoolExecutor.java:1090)
	at java.base/java.util.concurrent.ThreadPoolExecutor$Worker.run(ThreadPoolExecutor.java:614)
	at java.base/java.lang.Thread.run(Thread.java:1474)

[08-12 01:58:35]: [FINE] wuillian_tv logged in 186.208.86.22
[08-12 02:02:58]: [FINE] wuillian_tv logged in 186.208.86.22
[08-12 02:16:38]: [FINE] wuillian_tv logged in 186.208.86.22
[08-12 02:22:24]: [INFO] AuthMe 6.0.0-b2734 disabled!
[08-12 02:23:18]: [INFO] SQLite Setup finished
[08-12 02:23:18]: [INFO] Hooked into Vault!
[08-12 02:23:18]: [INFO] Hooked successfully into Essentials
[08-12 02:23:18]: [INFO] Essentials spawn file not found: '/workspaces/servidor/plugins/Essentials/spawn.yml'
[08-12 02:23:18]: [WARN] WARNING! The protectInventory feature requires PacketEvents! Disabling it...
[08-12 02:23:18]: [INFO] AuthMe 6.0.0 build n.2734 successfully enabled!
[08-12 02:23:25]: [INFO] Downloading GEO IP database, because the old database is older than 30 days or doesn't exist
[08-12 02:23:25]: [WARN] No MaxMind credentials found in the configuration file! GeoIp protections will be disabled.
[08-12 02:23:25]: [INFO] There is no newer GEO IP database uploaded to MaxMind. Using the old one for now.
[08-12 02:23:25]: [WARN] Could not download GeoLiteAPI database [FileNotFoundException]: plugins/AuthMe/GeoLite2-Country.mmdb (No such file or directory)
[08-12 02:23:25]: java.io.FileNotFoundException: plugins/AuthMe/GeoLite2-Country.mmdb (No such file or directory)
	at java.base/java.io.RandomAccessFile.open0(Native Method)
	at java.base/java.io.RandomAccessFile.open(RandomAccessFile.java:338)
	at java.base/java.io.RandomAccessFile.<init>(RandomAccessFile.java:257)
	at java.base/java.io.RandomAccessFile.<init>(RandomAccessFile.java:211)
	at com.maxmind.db.BufferHolder.<init>(BufferHolder.java:19)
	at com.maxmind.db.Reader.<init>(Reader.java:119)
	at com.maxmind.geoip2.DatabaseReader.<init>(DatabaseReader.java:106)
	at com.maxmind.geoip2.DatabaseReader$Builder.build(DatabaseReader.java:238)
	at AuthMe-6.0.0-Paper.jar//fr.xephi.authme.service.GeoIpService.startReading(GeoIpService.java:183)
	at AuthMe-6.0.0-Paper.jar//fr.xephi.authme.service.GeoIpService.updateDatabase(GeoIpService.java:150)
	at org.bukkit.craftbukkit.scheduler.CraftTask.run(CraftTask.java:78)
	at org.bukkit.craftbukkit.scheduler.CraftAsyncTask.run(CraftAsyncTask.java:57)
	at com.destroystokyo.paper.ServerSchedulerReportingWrapper.run(ServerSchedulerReportingWrapper.java:22)
	at java.base/java.util.concurrent.ThreadPoolExecutor.runWorker(ThreadPoolExecutor.java:1090)
	at java.base/java.util.concurrent.ThreadPoolExecutor$Worker.run(ThreadPoolExecutor.java:614)
	at java.base/java.lang.Thread.run(Thread.java:1474)

[08-12 02:23:42]: [FINE] wuillian_tv logged in 186.208.86.22
[08-12 02:44:19]: [INFO] AuthMe 6.0.0-b2734 disabled!
[08-12 02:45:02]: [INFO] SQLite Setup finished
[08-12 02:45:02]: [INFO] Hooked into Vault!
[08-12 02:45:03]: [INFO] Hooked successfully into Essentials
[08-12 02:45:03]: [INFO] Essentials spawn file not found: '/workspaces/servidor/plugins/Essentials/spawn.yml'
[08-12 02:45:03]: [WARN] WARNING! The protectInventory feature requires PacketEvents! Disabling it...
[08-12 02:45:03]: [INFO] AuthMe 6.0.0 build n.2734 successfully enabled!
[08-12 02:45:10]: [INFO] Downloading GEO IP database, because the old database is older than 30 days or doesn't exist
[08-12 02:45:10]: [WARN] No MaxMind credentials found in the configuration file! GeoIp protections will be disabled.
[08-12 02:45:10]: [INFO] There is no newer GEO IP database uploaded to MaxMind. Using the old one for now.
[08-12 02:45:10]: [WARN] Could not download GeoLiteAPI database [FileNotFoundException]: plugins/AuthMe/GeoLite2-Country.mmdb (No such file or directory)
[08-12 02:45:10]: java.io.FileNotFoundException: plugins/AuthMe/GeoLite2-Country.mmdb (No such file or directory)
	at java.base/java.io.RandomAccessFile.open0(Native Method)
	at java.base/java.io.RandomAccessFile.open(RandomAccessFile.java:338)
	at java.base/java.io.RandomAccessFile.<init>(RandomAccessFile.java:257)
	at java.base/java.io.RandomAccessFile.<init>(RandomAccessFile.java:211)
	at com.maxmind.db.BufferHolder.<init>(BufferHolder.java:19)
	at com.maxmind.db.Reader.<init>(Reader.java:119)
	at com.maxmind.geoip2.DatabaseReader.<init>(DatabaseReader.java:106)
	at com.maxmind.geoip2.DatabaseReader$Builder.build(DatabaseReader.java:238)
	at AuthMe-6.0.0-Paper.jar//fr.xephi.authme.service.GeoIpService.startReading(GeoIpService.java:183)
	at AuthMe-6.0.0-Paper.jar//fr.xephi.authme.service.GeoIpService.updateDatabase(GeoIpService.java:150)
	at org.bukkit.craftbukkit.scheduler.CraftTask.run(CraftTask.java:78)
	at org.bukkit.craftbukkit.scheduler.CraftAsyncTask.run(CraftAsyncTask.java:57)
	at com.destroystokyo.paper.ServerSchedulerReportingWrapper.run(ServerSchedulerReportingWrapper.java:22)
	at java.base/java.util.concurrent.ThreadPoolExecutor.runWorker(ThreadPoolExecutor.java:1090)
	at java.base/java.util.concurrent.ThreadPoolExecutor$Worker.run(ThreadPoolExecutor.java:614)
	at java.base/java.lang.Thread.run(Thread.java:1474)

[08-12 02:47:27]: [FINE] wuillian_tv logged in 186.208.86.22
[08-12 16:03:22]: [INFO] SQLite Setup finished
[08-12 16:03:22]: [INFO] Hooked into Vault!
[08-12 16:03:23]: [INFO] Hooked successfully into Essentials
[08-12 16:03:23]: [INFO] Essentials spawn file not found: '/workspaces/servidor/plugins/Essentials/spawn.yml'
[08-12 16:03:23]: [WARN] WARNING! The protectInventory feature requires PacketEvents! Disabling it...
[08-12 16:03:23]: [INFO] AuthMe 6.0.0 build n.2734 successfully enabled!
[08-12 16:03:30]: [INFO] Downloading GEO IP database, because the old database is older than 30 days or doesn't exist
[08-12 16:03:30]: [WARN] No MaxMind credentials found in the configuration file! GeoIp protections will be disabled.
[08-12 16:03:30]: [INFO] There is no newer GEO IP database uploaded to MaxMind. Using the old one for now.
[08-12 16:03:30]: [WARN] Could not download GeoLiteAPI database [FileNotFoundException]: plugins/AuthMe/GeoLite2-Country.mmdb (No such file or directory)
[08-12 16:03:30]: java.io.FileNotFoundException: plugins/AuthMe/GeoLite2-Country.mmdb (No such file or directory)
	at java.base/java.io.RandomAccessFile.open0(Native Method)
	at java.base/java.io.RandomAccessFile.open(RandomAccessFile.java:338)
	at java.base/java.io.RandomAccessFile.<init>(RandomAccessFile.java:257)
	at java.base/java.io.RandomAccessFile.<init>(RandomAccessFile.java:211)
	at com.maxmind.db.BufferHolder.<init>(BufferHolder.java:19)
	at com.maxmind.db.Reader.<init>(Reader.java:119)
	at com.maxmind.geoip2.DatabaseReader.<init>(DatabaseReader.java:106)
	at com.maxmind.geoip2.DatabaseReader$Builder.build(DatabaseReader.java:238)
	at AuthMe-6.0.0-Paper.jar//fr.xephi.authme.service.GeoIpService.startReading(GeoIpService.java:183)
	at AuthMe-6.0.0-Paper.jar//fr.xephi.authme.service.GeoIpService.updateDatabase(GeoIpService.java:150)
	at org.bukkit.craftbukkit.scheduler.CraftTask.run(CraftTask.java:78)
	at org.bukkit.craftbukkit.scheduler.CraftAsyncTask.run(CraftAsyncTask.java:57)
	at com.destroystokyo.paper.ServerSchedulerReportingWrapper.run(ServerSchedulerReportingWrapper.java:22)
	at java.base/java.util.concurrent.ThreadPoolExecutor.runWorker(ThreadPoolExecutor.java:1090)
	at java.base/java.util.concurrent.ThreadPoolExecutor$Worker.run(ThreadPoolExecutor.java:614)
	at java.base/java.lang.Thread.run(Thread.java:1474)

[08-12 16:11:36]: [FINE] wuillian_tv logged in 186.208.86.22
[08-12 16:38:23]: [INFO] AuthMe 6.0.0-b2734 disabled!
[08-12 16:39:45]: [INFO] SQLite Setup finished
[08-12 16:39:45]: [INFO] Hooked into Vault!
[08-12 16:39:45]: [INFO] Hooked successfully into Essentials
[08-12 16:39:45]: [INFO] Essentials spawn file not found: '/workspaces/servidor/plugins/Essentials/spawn.yml'
[08-12 16:39:45]: [WARN] WARNING! The protectInventory feature requires PacketEvents! Disabling it...
[08-12 16:39:46]: [INFO] AuthMe 6.0.0 build n.2734 successfully enabled!
[08-12 16:39:53]: [INFO] Downloading GEO IP database, because the old database is older than 30 days or doesn't exist
[08-12 16:39:53]: [WARN] No MaxMind credentials found in the configuration file! GeoIp protections will be disabled.
[08-12 16:39:53]: [INFO] There is no newer GEO IP database uploaded to MaxMind. Using the old one for now.
[08-12 16:39:53]: [WARN] Could not download GeoLiteAPI database [FileNotFoundException]: plugins/AuthMe/GeoLite2-Country.mmdb (No such file or directory)
[08-12 16:39:53]: java.io.FileNotFoundException: plugins/AuthMe/GeoLite2-Country.mmdb (No such file or directory)
	at java.base/java.io.RandomAccessFile.open0(Native Method)
	at java.base/java.io.RandomAccessFile.open(RandomAccessFile.java:338)
	at java.base/java.io.RandomAccessFile.<init>(RandomAccessFile.java:257)
	at java.base/java.io.RandomAccessFile.<init>(RandomAccessFile.java:211)
	at com.maxmind.db.BufferHolder.<init>(BufferHolder.java:19)
	at com.maxmind.db.Reader.<init>(Reader.java:119)
	at com.maxmind.geoip2.DatabaseReader.<init>(DatabaseReader.java:106)
	at com.maxmind.geoip2.DatabaseReader$Builder.build(DatabaseReader.java:238)
	at AuthMe-6.0.0-Paper.jar//fr.xephi.authme.service.GeoIpService.startReading(GeoIpService.java:183)
	at AuthMe-6.0.0-Paper.jar//fr.xephi.authme.service.GeoIpService.updateDatabase(GeoIpService.java:150)
	at org.bukkit.craftbukkit.scheduler.CraftTask.run(CraftTask.java:78)
	at org.bukkit.craftbukkit.scheduler.CraftAsyncTask.run(CraftAsyncTask.java:57)
	at com.destroystokyo.paper.ServerSchedulerReportingWrapper.run(ServerSchedulerReportingWrapper.java:22)
	at java.base/java.util.concurrent.ThreadPoolExecutor.runWorker(ThreadPoolExecutor.java:1090)
	at java.base/java.util.concurrent.ThreadPoolExecutor$Worker.run(ThreadPoolExecutor.java:614)
	at java.base/java.lang.Thread.run(Thread.java:1474)

[08-12 16:44:05]: [INFO] AuthMe 6.0.0-b2734 disabled!
[08-12 16:46:07]: [INFO] SQLite Setup finished
[08-12 16:46:07]: [INFO] Hooked into Vault!
[08-12 16:46:08]: [INFO] Hooked successfully into Essentials
[08-12 16:46:08]: [INFO] Essentials spawn file not found: '/workspaces/servidor/plugins/Essentials/spawn.yml'
[08-12 16:46:08]: [WARN] WARNING! The protectInventory feature requires PacketEvents! Disabling it...
[08-12 16:46:08]: [INFO] AuthMe 6.0.0 build n.2734 successfully enabled!
[08-12 16:46:14]: [INFO] Downloading GEO IP database, because the old database is older than 30 days or doesn't exist
[08-12 16:46:14]: [WARN] No MaxMind credentials found in the configuration file! GeoIp protections will be disabled.
[08-12 16:46:14]: [INFO] There is no newer GEO IP database uploaded to MaxMind. Using the old one for now.
[08-12 16:46:14]: [WARN] Could not download GeoLiteAPI database [FileNotFoundException]: plugins/AuthMe/GeoLite2-Country.mmdb (No such file or directory)
[08-12 16:46:14]: java.io.FileNotFoundException: plugins/AuthMe/GeoLite2-Country.mmdb (No such file or directory)
	at java.base/java.io.RandomAccessFile.open0(Native Method)
	at java.base/java.io.RandomAccessFile.open(RandomAccessFile.java:338)
	at java.base/java.io.RandomAccessFile.<init>(RandomAccessFile.java:257)
	at java.base/java.io.RandomAccessFile.<init>(RandomAccessFile.java:211)
	at com.maxmind.db.BufferHolder.<init>(BufferHolder.java:19)
	at com.maxmind.db.Reader.<init>(Reader.java:119)
	at com.maxmind.geoip2.DatabaseReader.<init>(DatabaseReader.java:106)
	at com.maxmind.geoip2.DatabaseReader$Builder.build(DatabaseReader.java:238)
	at AuthMe-6.0.0-Paper.jar//fr.xephi.authme.service.GeoIpService.startReading(GeoIpService.java:183)
	at AuthMe-6.0.0-Paper.jar//fr.xephi.authme.service.GeoIpService.updateDatabase(GeoIpService.java:150)
	at org.bukkit.craftbukkit.scheduler.CraftTask.run(CraftTask.java:78)
	at org.bukkit.craftbukkit.scheduler.CraftAsyncTask.run(CraftAsyncTask.java:57)
	at com.destroystokyo.paper.ServerSchedulerReportingWrapper.run(ServerSchedulerReportingWrapper.java:22)
	at java.base/java.util.concurrent.ThreadPoolExecutor.runWorker(ThreadPoolExecutor.java:1090)
	at java.base/java.util.concurrent.ThreadPoolExecutor$Worker.run(ThreadPoolExecutor.java:614)
	at java.base/java.lang.Thread.run(Thread.java:1474)

[08-12 16:59:45]: [INFO] AuthMe 6.0.0-b2734 disabled!
[08-13 00:11:26]: [INFO] SQLite Setup finished
[08-13 00:11:26]: [INFO] Hooked into Vault!
[08-13 00:11:26]: [INFO] Hooked successfully into Essentials
[08-13 00:11:26]: [INFO] Essentials spawn file not found: '/workspaces/servidor/plugins/Essentials/spawn.yml'
[08-13 00:11:26]: [WARN] WARNING! The protectInventory feature requires PacketEvents! Disabling it...
[08-13 00:11:26]: [INFO] AuthMe 6.0.0 build n.2734 successfully enabled!
[08-13 00:11:33]: [INFO] Downloading GEO IP database, because the old database is older than 30 days or doesn't exist
[08-13 00:11:33]: [WARN] No MaxMind credentials found in the configuration file! GeoIp protections will be disabled.
[08-13 00:11:33]: [INFO] There is no newer GEO IP database uploaded to MaxMind. Using the old one for now.
[08-13 00:11:33]: [WARN] Could not download GeoLiteAPI database [FileNotFoundException]: plugins/AuthMe/GeoLite2-Country.mmdb (No such file or directory)
[08-13 00:11:33]: java.io.FileNotFoundException: plugins/AuthMe/GeoLite2-Country.mmdb (No such file or directory)
	at java.base/java.io.RandomAccessFile.open0(Native Method)
	at java.base/java.io.RandomAccessFile.open(RandomAccessFile.java:338)
	at java.base/java.io.RandomAccessFile.<init>(RandomAccessFile.java:257)
	at java.base/java.io.RandomAccessFile.<init>(RandomAccessFile.java:211)
	at com.maxmind.db.BufferHolder.<init>(BufferHolder.java:19)
	at com.maxmind.db.Reader.<init>(Reader.java:119)
	at com.maxmind.geoip2.DatabaseReader.<init>(DatabaseReader.java:106)
	at com.maxmind.geoip2.DatabaseReader$Builder.build(DatabaseReader.java:238)
	at AuthMe-6.0.0-Paper.jar//fr.xephi.authme.service.GeoIpService.startReading(GeoIpService.java:183)
	at AuthMe-6.0.0-Paper.jar//fr.xephi.authme.service.GeoIpService.updateDatabase(GeoIpService.java:150)
	at org.bukkit.craftbukkit.scheduler.CraftTask.run(CraftTask.java:78)
	at org.bukkit.craftbukkit.scheduler.CraftAsyncTask.run(CraftAsyncTask.java:57)
	at com.destroystokyo.paper.ServerSchedulerReportingWrapper.run(ServerSchedulerReportingWrapper.java:22)
	at java.base/java.util.concurrent.ThreadPoolExecutor.runWorker(ThreadPoolExecutor.java:1090)
	at java.base/java.util.concurrent.ThreadPoolExecutor$Worker.run(ThreadPoolExecutor.java:614)
	at java.base/java.lang.Thread.run(Thread.java:1474)

[08-13 00:12:53]: [FINE] wuillian_tv logged in 127.0.0.1
[08-13 00:13:13]: [INFO] AuthMe 6.0.0-b2734 disabled!
[08-13 00:14:15]: [INFO] SQLite Setup finished
[08-13 00:14:15]: [INFO] Hooked into Vault!
[08-13 00:14:15]: [INFO] Hooked successfully into Essentials
[08-13 00:14:15]: [INFO] Essentials spawn file not found: '/workspaces/servidor/plugins/Essentials/spawn.yml'
[08-13 00:14:15]: [WARN] WARNING! The protectInventory feature requires PacketEvents! Disabling it...
[08-13 00:14:15]: [INFO] AuthMe 6.0.0 build n.2734 successfully enabled!
[08-13 00:14:22]: [INFO] Downloading GEO IP database, because the old database is older than 30 days or doesn't exist
[08-13 00:14:22]: [WARN] No MaxMind credentials found in the configuration file! GeoIp protections will be disabled.
[08-13 00:14:22]: [INFO] There is no newer GEO IP database uploaded to MaxMind. Using the old one for now.
[08-13 00:14:22]: [WARN] Could not download GeoLiteAPI database [FileNotFoundException]: plugins/AuthMe/GeoLite2-Country.mmdb (No such file or directory)
[08-13 00:14:22]: java.io.FileNotFoundException: plugins/AuthMe/GeoLite2-Country.mmdb (No such file or directory)
	at java.base/java.io.RandomAccessFile.open0(Native Method)
	at java.base/java.io.RandomAccessFile.open(RandomAccessFile.java:338)
	at java.base/java.io.RandomAccessFile.<init>(RandomAccessFile.java:257)
	at java.base/java.io.RandomAccessFile.<init>(RandomAccessFile.java:211)
	at com.maxmind.db.BufferHolder.<init>(BufferHolder.java:19)
	at com.maxmind.db.Reader.<init>(Reader.java:119)
	at com.maxmind.geoip2.DatabaseReader.<init>(DatabaseReader.java:106)
	at com.maxmind.geoip2.DatabaseReader$Builder.build(DatabaseReader.java:238)
	at AuthMe-6.0.0-Paper.jar//fr.xephi.authme.service.GeoIpService.startReading(GeoIpService.java:183)
	at AuthMe-6.0.0-Paper.jar//fr.xephi.authme.service.GeoIpService.updateDatabase(GeoIpService.java:150)
	at org.bukkit.craftbukkit.scheduler.CraftTask.run(CraftTask.java:78)
	at org.bukkit.craftbukkit.scheduler.CraftAsyncTask.run(CraftAsyncTask.java:57)
	at com.destroystokyo.paper.ServerSchedulerReportingWrapper.run(ServerSchedulerReportingWrapper.java:22)
	at java.base/java.util.concurrent.ThreadPoolExecutor.runWorker(ThreadPoolExecutor.java:1090)
	at java.base/java.util.concurrent.ThreadPoolExecutor$Worker.run(ThreadPoolExecutor.java:614)
	at java.base/java.lang.Thread.run(Thread.java:1474)

[08-13 00:15:04]: [FINE] wuillian_tv logged in 127.0.0.1
[08-13 00:18:54]: [INFO] AuthMe 6.0.0-b2734 disabled!
[08-13 00:19:23]: [INFO] SQLite Setup finished
[08-13 00:19:23]: [INFO] Hooked into Vault!
[08-13 00:19:23]: [INFO] Hooked successfully into Essentials
[08-13 00:19:23]: [INFO] Essentials spawn file not found: '/workspaces/servidor/plugins/Essentials/spawn.yml'
[08-13 00:19:23]: [WARN] WARNING! The protectInventory feature requires PacketEvents! Disabling it...
[08-13 00:19:23]: [INFO] AuthMe 6.0.0 build n.2734 successfully enabled!
[08-13 00:19:30]: [INFO] Downloading GEO IP database, because the old database is older than 30 days or doesn't exist
[08-13 00:19:30]: [WARN] No MaxMind credentials found in the configuration file! GeoIp protections will be disabled.
[08-13 00:19:30]: [INFO] There is no newer GEO IP database uploaded to MaxMind. Using the old one for now.
[08-13 00:19:30]: [WARN] Could not download GeoLiteAPI database [FileNotFoundException]: plugins/AuthMe/GeoLite2-Country.mmdb (No such file or directory)
[08-13 00:19:30]: java.io.FileNotFoundException: plugins/AuthMe/GeoLite2-Country.mmdb (No such file or directory)
	at java.base/java.io.RandomAccessFile.open0(Native Method)
	at java.base/java.io.RandomAccessFile.open(RandomAccessFile.java:338)
	at java.base/java.io.RandomAccessFile.<init>(RandomAccessFile.java:257)
	at java.base/java.io.RandomAccessFile.<init>(RandomAccessFile.java:211)
	at com.maxmind.db.BufferHolder.<init>(BufferHolder.java:19)
	at com.maxmind.db.Reader.<init>(Reader.java:119)
	at com.maxmind.geoip2.DatabaseReader.<init>(DatabaseReader.java:106)
	at com.maxmind.geoip2.DatabaseReader$Builder.build(DatabaseReader.java:238)
	at AuthMe-6.0.0-Paper.jar//fr.xephi.authme.service.GeoIpService.startReading(GeoIpService.java:183)
	at AuthMe-6.0.0-Paper.jar//fr.xephi.authme.service.GeoIpService.updateDatabase(GeoIpService.java:150)
	at org.bukkit.craftbukkit.scheduler.CraftTask.run(CraftTask.java:78)
	at org.bukkit.craftbukkit.scheduler.CraftAsyncTask.run(CraftAsyncTask.java:57)
	at com.destroystokyo.paper.ServerSchedulerReportingWrapper.run(ServerSchedulerReportingWrapper.java:22)
	at java.base/java.util.concurrent.ThreadPoolExecutor.runWorker(ThreadPoolExecutor.java:1090)
	at java.base/java.util.concurrent.ThreadPoolExecutor$Worker.run(ThreadPoolExecutor.java:614)
	at java.base/java.lang.Thread.run(Thread.java:1474)

[08-13 00:20:03]: [FINE] wuillian_tv logged in 127.0.0.1
[08-13 00:21:48]: [INFO] AuthMe 6.0.0-b2734 disabled!
[08-13 00:23:40]: [INFO] SQLite Setup finished
[08-13 00:23:40]: [INFO] Hooked into Vault!
[08-13 00:23:40]: [INFO] Hooked successfully into Essentials
[08-13 00:23:40]: [INFO] Essentials spawn file not found: '/workspaces/servidor/plugins/Essentials/spawn.yml'
[08-13 00:23:40]: [WARN] WARNING! The protectInventory feature requires PacketEvents! Disabling it...
[08-13 00:23:40]: [INFO] AuthMe 6.0.0 build n.2734 successfully enabled!
[08-13 00:23:48]: [INFO] Downloading GEO IP database, because the old database is older than 30 days or doesn't exist
[08-13 00:23:48]: [WARN] No MaxMind credentials found in the configuration file! GeoIp protections will be disabled.
[08-13 00:23:48]: [INFO] There is no newer GEO IP database uploaded to MaxMind. Using the old one for now.
[08-13 00:23:48]: [WARN] Could not download GeoLiteAPI database [FileNotFoundException]: plugins/AuthMe/GeoLite2-Country.mmdb (No such file or directory)
[08-13 00:23:48]: java.io.FileNotFoundException: plugins/AuthMe/GeoLite2-Country.mmdb (No such file or directory)
	at java.base/java.io.RandomAccessFile.open0(Native Method)
	at java.base/java.io.RandomAccessFile.open(RandomAccessFile.java:338)
	at java.base/java.io.RandomAccessFile.<init>(RandomAccessFile.java:257)
	at java.base/java.io.RandomAccessFile.<init>(RandomAccessFile.java:211)
	at com.maxmind.db.BufferHolder.<init>(BufferHolder.java:19)
	at com.maxmind.db.Reader.<init>(Reader.java:119)
	at com.maxmind.geoip2.DatabaseReader.<init>(DatabaseReader.java:106)
	at com.maxmind.geoip2.DatabaseReader$Builder.build(DatabaseReader.java:238)
	at AuthMe-6.0.0-Paper.jar//fr.xephi.authme.service.GeoIpService.startReading(GeoIpService.java:183)
	at AuthMe-6.0.0-Paper.jar//fr.xephi.authme.service.GeoIpService.updateDatabase(GeoIpService.java:150)
	at org.bukkit.craftbukkit.scheduler.CraftTask.run(CraftTask.java:78)
	at org.bukkit.craftbukkit.scheduler.CraftAsyncTask.run(CraftAsyncTask.java:57)
	at com.destroystokyo.paper.ServerSchedulerReportingWrapper.run(ServerSchedulerReportingWrapper.java:22)
	at java.base/java.util.concurrent.ThreadPoolExecutor.runWorker(ThreadPoolExecutor.java:1090)
	at java.base/java.util.concurrent.ThreadPoolExecutor$Worker.run(ThreadPoolExecutor.java:614)
	at java.base/java.lang.Thread.run(Thread.java:1474)

[08-13 00:26:18]: [FINE] wuillian_tv logged in 127.0.0.1
[08-13 00:34:06]: [INFO] AuthMe 6.0.0-b2734 disabled!
[08-13 00:46:29]: [INFO] SQLite Setup finished
[08-13 00:46:29]: [INFO] Hooked into Vault!
[08-13 00:46:30]: [INFO] Hooked successfully into Essentials
[08-13 00:46:30]: [INFO] Essentials spawn file not found: '/workspaces/servidor/plugins/Essentials/spawn.yml'
[08-13 00:46:30]: [WARN] WARNING! The protectInventory feature requires PacketEvents! Disabling it...
[08-13 00:46:30]: [INFO] AuthMe 6.0.0 build n.2734 successfully enabled!
[08-13 00:46:36]: [INFO] Downloading GEO IP database, because the old database is older than 30 days or doesn't exist
[08-13 00:46:36]: [WARN] No MaxMind credentials found in the configuration file! GeoIp protections will be disabled.
[08-13 00:46:36]: [INFO] There is no newer GEO IP database uploaded to MaxMind. Using the old one for now.
[08-13 00:46:36]: [WARN] Could not download GeoLiteAPI database [FileNotFoundException]: plugins/AuthMe/GeoLite2-Country.mmdb (No such file or directory)
[08-13 00:46:36]: java.io.FileNotFoundException: plugins/AuthMe/GeoLite2-Country.mmdb (No such file or directory)
	at java.base/java.io.RandomAccessFile.open0(Native Method)
	at java.base/java.io.RandomAccessFile.open(RandomAccessFile.java:338)
	at java.base/java.io.RandomAccessFile.<init>(RandomAccessFile.java:257)
	at java.base/java.io.RandomAccessFile.<init>(RandomAccessFile.java:211)
	at com.maxmind.db.BufferHolder.<init>(BufferHolder.java:19)
	at com.maxmind.db.Reader.<init>(Reader.java:119)
	at com.maxmind.geoip2.DatabaseReader.<init>(DatabaseReader.java:106)
	at com.maxmind.geoip2.DatabaseReader$Builder.build(DatabaseReader.java:238)
	at AuthMe-6.0.0-Paper.jar//fr.xephi.authme.service.GeoIpService.startReading(GeoIpService.java:183)
	at AuthMe-6.0.0-Paper.jar//fr.xephi.authme.service.GeoIpService.updateDatabase(GeoIpService.java:150)
	at org.bukkit.craftbukkit.scheduler.CraftTask.run(CraftTask.java:78)
	at org.bukkit.craftbukkit.scheduler.CraftAsyncTask.run(CraftAsyncTask.java:57)
	at com.destroystokyo.paper.ServerSchedulerReportingWrapper.run(ServerSchedulerReportingWrapper.java:22)
	at java.base/java.util.concurrent.ThreadPoolExecutor.runWorker(ThreadPoolExecutor.java:1090)
	at java.base/java.util.concurrent.ThreadPoolExecutor$Worker.run(ThreadPoolExecutor.java:614)
	at java.base/java.lang.Thread.run(Thread.java:1474)

[08-13 00:50:43]: [FINE] wuillian_tv logged in 127.0.0.1
[08-13 00:52:43]: [FINE] wuillian_tv logged in 127.0.0.1
[08-13 00:55:16]: [FINE] .derick3285 registered 127.0.0.1
[08-13 00:55:16]: [FINE] The user .derick3285 has 2 accounts:
[08-13 00:55:16]: [FINE] §7§awuillian_tv§7, §a.derick3285§7.
[08-13 00:55:16]: [FINE] .derick3285 logged in 127.0.0.1
[08-13 01:04:18]: [FINE] The user .derick3285 has 2 accounts:
[08-13 01:04:18]: [FINE] §7§awuillian_tv§7, §a.derick3285§7.
[08-13 01:04:18]: [FINE] .derick3285 logged in 127.0.0.1
[08-13 01:10:18]: [INFO] AuthMe 6.0.0-b2734 disabled!
[08-13 01:13:45]: [INFO] SQLite Setup finished
[08-13 01:13:45]: [INFO] Hooked into Vault!
[08-13 01:13:45]: [INFO] Hooked successfully into Essentials
[08-13 01:13:45]: [INFO] Essentials spawn file not found: '/workspaces/servidor/plugins/Essentials/spawn.yml'
[08-13 01:13:45]: [WARN] WARNING! The protectInventory feature requires PacketEvents! Disabling it...
[08-13 01:13:45]: [INFO] AuthMe 6.0.0 build n.2734 successfully enabled!
[08-13 01:13:52]: [INFO] Downloading GEO IP database, because the old database is older than 30 days or doesn't exist
[08-13 01:13:52]: [WARN] No MaxMind credentials found in the configuration file! GeoIp protections will be disabled.
[08-13 01:13:52]: [INFO] There is no newer GEO IP database uploaded to MaxMind. Using the old one for now.
[08-13 01:13:52]: [WARN] Could not download GeoLiteAPI database [FileNotFoundException]: plugins/AuthMe/GeoLite2-Country.mmdb (No such file or directory)
[08-13 01:13:52]: java.io.FileNotFoundException: plugins/AuthMe/GeoLite2-Country.mmdb (No such file or directory)
	at java.base/java.io.RandomAccessFile.open0(Native Method)
	at java.base/java.io.RandomAccessFile.open(RandomAccessFile.java:338)
	at java.base/java.io.RandomAccessFile.<init>(RandomAccessFile.java:257)
	at java.base/java.io.RandomAccessFile.<init>(RandomAccessFile.java:211)
	at com.maxmind.db.BufferHolder.<init>(BufferHolder.java:19)
	at com.maxmind.db.Reader.<init>(Reader.java:119)
	at com.maxmind.geoip2.DatabaseReader.<init>(DatabaseReader.java:106)
	at com.maxmind.geoip2.DatabaseReader$Builder.build(DatabaseReader.java:238)
	at AuthMe-6.0.0-Paper.jar//fr.xephi.authme.service.GeoIpService.startReading(GeoIpService.java:183)
	at AuthMe-6.0.0-Paper.jar//fr.xephi.authme.service.GeoIpService.updateDatabase(GeoIpService.java:150)
	at org.bukkit.craftbukkit.scheduler.CraftTask.run(CraftTask.java:78)
	at org.bukkit.craftbukkit.scheduler.CraftAsyncTask.run(CraftAsyncTask.java:57)
	at com.destroystokyo.paper.ServerSchedulerReportingWrapper.run(ServerSchedulerReportingWrapper.java:22)
	at java.base/java.util.concurrent.ThreadPoolExecutor.runWorker(ThreadPoolExecutor.java:1090)
	at java.base/java.util.concurrent.ThreadPoolExecutor$Worker.run(ThreadPoolExecutor.java:614)
	at java.base/java.lang.Thread.run(Thread.java:1474)

[08-13 01:14:01]: [FINE] The user wuillian_tv has 2 accounts:
[08-13 01:14:01]: [FINE] §7§awuillian_tv§7, .derick3285.
[08-13 01:14:01]: [FINE] wuillian_tv logged in 127.0.0.1
[08-13 01:16:53]: [FINE] derick registered 127.0.0.1
[08-13 01:16:53]: [FINE] The user derick has 3 accounts:
[08-13 01:16:53]: [FINE] §7§awuillian_tv§7, .derick3285, §aderick§7.
[08-13 01:16:53]: [FINE] derick logged in 127.0.0.1
[08-13 01:30:29]: [FINE] The user .derick3285 has 3 accounts:
[08-13 01:30:29]: [FINE] §7§awuillian_tv§7, §a.derick3285§7, §aderick§7.
[08-13 01:30:29]: [FINE] .derick3285 logged in 127.0.0.1
[08-13 01:49:47]: [INFO] AuthMe 6.0.0-b2734 disabled!
[08-13 01:50:39]: [INFO] SQLite Setup finished
[08-13 01:50:39]: [INFO] Hooked into Vault!
[08-13 01:50:39]: [INFO] Hooked successfully into Essentials
[08-13 01:50:39]: [INFO] Essentials spawn file not found: '/workspaces/servidor/plugins/Essentials/spawn.yml'
[08-13 01:50:40]: [WARN] WARNING! The protectInventory feature requires PacketEvents! Disabling it...
[08-13 01:50:40]: [INFO] AuthMe 6.0.0 build n.2734 successfully enabled!
[08-13 01:50:46]: [INFO] Downloading GEO IP database, because the old database is older than 30 days or doesn't exist
[08-13 01:50:46]: [WARN] No MaxMind credentials found in the configuration file! GeoIp protections will be disabled.
[08-13 01:50:46]: [INFO] There is no newer GEO IP database uploaded to MaxMind. Using the old one for now.
[08-13 01:50:46]: [WARN] Could not download GeoLiteAPI database [FileNotFoundException]: plugins/AuthMe/GeoLite2-Country.mmdb (No such file or directory)
[08-13 01:50:46]: java.io.FileNotFoundException: plugins/AuthMe/GeoLite2-Country.mmdb (No such file or directory)
	at java.base/java.io.RandomAccessFile.open0(Native Method)
	at java.base/java.io.RandomAccessFile.open(RandomAccessFile.java:338)
	at java.base/java.io.RandomAccessFile.<init>(RandomAccessFile.java:257)
	at java.base/java.io.RandomAccessFile.<init>(RandomAccessFile.java:211)
	at com.maxmind.db.BufferHolder.<init>(BufferHolder.java:19)
	at com.maxmind.db.Reader.<init>(Reader.java:119)
	at com.maxmind.geoip2.DatabaseReader.<init>(DatabaseReader.java:106)
	at com.maxmind.geoip2.DatabaseReader$Builder.build(DatabaseReader.java:238)
	at AuthMe-6.0.0-Paper.jar//fr.xephi.authme.service.GeoIpService.startReading(GeoIpService.java:183)
	at AuthMe-6.0.0-Paper.jar//fr.xephi.authme.service.GeoIpService.updateDatabase(GeoIpService.java:150)
	at org.bukkit.craftbukkit.scheduler.CraftTask.run(CraftTask.java:78)
	at org.bukkit.craftbukkit.scheduler.CraftAsyncTask.run(CraftAsyncTask.java:57)
	at com.destroystokyo.paper.ServerSchedulerReportingWrapper.run(ServerSchedulerReportingWrapper.java:22)
	at java.base/java.util.concurrent.ThreadPoolExecutor.runWorker(ThreadPoolExecutor.java:1090)
	at java.base/java.util.concurrent.ThreadPoolExecutor$Worker.run(ThreadPoolExecutor.java:614)
	at java.base/java.lang.Thread.run(Thread.java:1474)

[08-13 01:51:06]: [FINE] The user wuillian_tv has 3 accounts:
[08-13 01:51:06]: [FINE] §7§awuillian_tv§7, .derick3285, derick.
[08-13 01:51:06]: [FINE] wuillian_tv logged in 127.0.0.1
[08-13 01:51:20]: [FINE] The user derick has 3 accounts:
[08-13 01:51:20]: [FINE] §7§awuillian_tv§7, .derick3285, §aderick§7.
[08-13 01:51:20]: [FINE] derick logged in 127.0.0.1
[08-13 01:57:26]: [FINE] The user wuillian_tv has 3 accounts:
[08-13 01:57:26]: [FINE] §7§awuillian_tv§7, .derick3285, §aderick§7.
[08-13 01:57:26]: [FINE] wuillian_tv logged in 127.0.0.1
[08-13 02:10:40]: [INFO] AuthMe 6.0.0-b2734 disabled!
[08-13 02:11:43]: [INFO] SQLite Setup finished
[08-13 02:11:43]: [INFO] Hooked into Vault!
[08-13 02:11:43]: [INFO] Hooked successfully into Essentials
[08-13 02:11:43]: [INFO] Essentials spawn file not found: '/workspaces/servidor/plugins/Essentials/spawn.yml'
[08-13 02:11:43]: [WARN] WARNING! The protectInventory feature requires PacketEvents! Disabling it...
[08-13 02:11:43]: [INFO] AuthMe 6.0.0 build n.2734 successfully enabled!
[08-13 02:11:51]: [INFO] Downloading GEO IP database, because the old database is older than 30 days or doesn't exist
[08-13 02:11:51]: [WARN] No MaxMind credentials found in the configuration file! GeoIp protections will be disabled.
[08-13 02:11:51]: [INFO] There is no newer GEO IP database uploaded to MaxMind. Using the old one for now.
[08-13 02:11:51]: [WARN] Could not download GeoLiteAPI database [FileNotFoundException]: plugins/AuthMe/GeoLite2-Country.mmdb (No such file or directory)
[08-13 02:11:51]: java.io.FileNotFoundException: plugins/AuthMe/GeoLite2-Country.mmdb (No such file or directory)
	at java.base/java.io.RandomAccessFile.open0(Native Method)
	at java.base/java.io.RandomAccessFile.open(RandomAccessFile.java:338)
	at java.base/java.io.RandomAccessFile.<init>(RandomAccessFile.java:257)
	at java.base/java.io.RandomAccessFile.<init>(RandomAccessFile.java:211)
	at com.maxmind.db.BufferHolder.<init>(BufferHolder.java:19)
	at com.maxmind.db.Reader.<init>(Reader.java:119)
	at com.maxmind.geoip2.DatabaseReader.<init>(DatabaseReader.java:106)
	at com.maxmind.geoip2.DatabaseReader$Builder.build(DatabaseReader.java:238)
	at AuthMe-6.0.0-Paper.jar//fr.xephi.authme.service.GeoIpService.startReading(GeoIpService.java:183)
	at AuthMe-6.0.0-Paper.jar//fr.xephi.authme.service.GeoIpService.updateDatabase(GeoIpService.java:150)
	at org.bukkit.craftbukkit.scheduler.CraftTask.run(CraftTask.java:78)
	at org.bukkit.craftbukkit.scheduler.CraftAsyncTask.run(CraftAsyncTask.java:57)
	at com.destroystokyo.paper.ServerSchedulerReportingWrapper.run(ServerSchedulerReportingWrapper.java:22)
	at java.base/java.util.concurrent.ThreadPoolExecutor.runWorker(ThreadPoolExecutor.java:1090)
	at java.base/java.util.concurrent.ThreadPoolExecutor$Worker.run(ThreadPoolExecutor.java:614)
	at java.base/java.lang.Thread.run(Thread.java:1474)

[08-13 02:12:04]: [FINE] The user derick has 3 accounts:
[08-13 02:12:04]: [FINE] §7wuillian_tv, .derick3285, §aderick§7.
[08-13 02:12:04]: [FINE] derick logged in 127.0.0.1
[08-13 02:12:18]: [FINE] The user wuillian_tv has 3 accounts:
[08-13 02:12:18]: [FINE] §7§awuillian_tv§7, .derick3285, §aderick§7.
[08-13 02:12:18]: [FINE] wuillian_tv logged in 127.0.0.1
[08-13 02:58:12]: [INFO] AuthMe 6.0.0-b2734 disabled!
[08-13 03:04:10]: [INFO] SQLite Setup finished
[08-13 03:04:10]: [INFO] Hooked into Vault!
[08-13 03:04:10]: [INFO] Hooked successfully into Essentials
[08-13 03:04:10]: [INFO] Essentials spawn file not found: '/workspaces/servidor/plugins/Essentials/spawn.yml'
[08-13 03:04:10]: [WARN] WARNING! The protectInventory feature requires PacketEvents! Disabling it...
[08-13 03:04:10]: [INFO] AuthMe 6.0.0 build n.2734 successfully enabled!
[08-13 03:04:18]: [INFO] Downloading GEO IP database, because the old database is older than 30 days or doesn't exist
[08-13 03:04:18]: [WARN] No MaxMind credentials found in the configuration file! GeoIp protections will be disabled.
[08-13 03:04:18]: [INFO] There is no newer GEO IP database uploaded to MaxMind. Using the old one for now.
[08-13 03:04:18]: [WARN] Could not download GeoLiteAPI database [FileNotFoundException]: plugins/AuthMe/GeoLite2-Country.mmdb (No such file or directory)
[08-13 03:04:18]: java.io.FileNotFoundException: plugins/AuthMe/GeoLite2-Country.mmdb (No such file or directory)
	at java.base/java.io.RandomAccessFile.open0(Native Method)
	at java.base/java.io.RandomAccessFile.open(RandomAccessFile.java:338)
	at java.base/java.io.RandomAccessFile.<init>(RandomAccessFile.java:257)
	at java.base/java.io.RandomAccessFile.<init>(RandomAccessFile.java:211)
	at com.maxmind.db.BufferHolder.<init>(BufferHolder.java:19)
	at com.maxmind.db.Reader.<init>(Reader.java:119)
	at com.maxmind.geoip2.DatabaseReader.<init>(DatabaseReader.java:106)
	at com.maxmind.geoip2.DatabaseReader$Builder.build(DatabaseReader.java:238)
	at AuthMe-6.0.0-Paper.jar//fr.xephi.authme.service.GeoIpService.startReading(GeoIpService.java:183)
	at AuthMe-6.0.0-Paper.jar//fr.xephi.authme.service.GeoIpService.updateDatabase(GeoIpService.java:150)
	at org.bukkit.craftbukkit.scheduler.CraftTask.run(CraftTask.java:78)
	at org.bukkit.craftbukkit.scheduler.CraftAsyncTask.run(CraftAsyncTask.java:57)
	at com.destroystokyo.paper.ServerSchedulerReportingWrapper.run(ServerSchedulerReportingWrapper.java:22)
	at java.base/java.util.concurrent.ThreadPoolExecutor.runWorker(ThreadPoolExecutor.java:1090)
	at java.base/java.util.concurrent.ThreadPoolExecutor$Worker.run(ThreadPoolExecutor.java:614)
	at java.base/java.lang.Thread.run(Thread.java:1474)

[08-13 03:05:11]: [FINE] The user wuillian_tv has 3 accounts:
[08-13 03:05:11]: [FINE] §7§awuillian_tv§7, .derick3285, derick.
[08-13 03:05:11]: [FINE] wuillian_tv logged in 127.0.0.1
[08-13 03:26:03]: [INFO] AuthMe 6.0.0-b2734 disabled!
[08-13 03:27:11]: [INFO] SQLite Setup finished
[08-13 03:27:11]: [INFO] Hooked into Vault!
[08-13 03:27:11]: [INFO] Hooked successfully into Essentials
[08-13 03:27:11]: [INFO] Essentials spawn file not found: '/workspaces/servidor/plugins/Essentials/spawn.yml'
[08-13 03:27:11]: [WARN] WARNING! The protectInventory feature requires PacketEvents! Disabling it...
[08-13 03:27:11]: [INFO] AuthMe 6.0.0 build n.2734 successfully enabled!
[08-13 03:27:18]: [INFO] Downloading GEO IP database, because the old database is older than 30 days or doesn't exist
[08-13 03:27:18]: [WARN] No MaxMind credentials found in the configuration file! GeoIp protections will be disabled.
[08-13 03:27:18]: [INFO] There is no newer GEO IP database uploaded to MaxMind. Using the old one for now.
[08-13 03:27:18]: [WARN] Could not download GeoLiteAPI database [FileNotFoundException]: plugins/AuthMe/GeoLite2-Country.mmdb (No such file or directory)
[08-13 03:27:18]: java.io.FileNotFoundException: plugins/AuthMe/GeoLite2-Country.mmdb (No such file or directory)
	at java.base/java.io.RandomAccessFile.open0(Native Method)
	at java.base/java.io.RandomAccessFile.open(RandomAccessFile.java:338)
	at java.base/java.io.RandomAccessFile.<init>(RandomAccessFile.java:257)
	at java.base/java.io.RandomAccessFile.<init>(RandomAccessFile.java:211)
	at com.maxmind.db.BufferHolder.<init>(BufferHolder.java:19)
	at com.maxmind.db.Reader.<init>(Reader.java:119)
	at com.maxmind.geoip2.DatabaseReader.<init>(DatabaseReader.java:106)
	at com.maxmind.geoip2.DatabaseReader$Builder.build(DatabaseReader.java:238)
	at AuthMe-6.0.0-Paper.jar//fr.xephi.authme.service.GeoIpService.startReading(GeoIpService.java:183)
	at AuthMe-6.0.0-Paper.jar//fr.xephi.authme.service.GeoIpService.updateDatabase(GeoIpService.java:150)
	at org.bukkit.craftbukkit.scheduler.CraftTask.run(CraftTask.java:78)
	at org.bukkit.craftbukkit.scheduler.CraftAsyncTask.run(CraftAsyncTask.java:57)
	at com.destroystokyo.paper.ServerSchedulerReportingWrapper.run(ServerSchedulerReportingWrapper.java:22)
	at java.base/java.util.concurrent.ThreadPoolExecutor.runWorker(ThreadPoolExecutor.java:1090)
	at java.base/java.util.concurrent.ThreadPoolExecutor$Worker.run(ThreadPoolExecutor.java:614)
	at java.base/java.lang.Thread.run(Thread.java:1474)

[08-13 03:27:52]: [FINE] The user wuillian_tv has 3 accounts:
[08-13 03:27:52]: [FINE] §7§awuillian_tv§7, .derick3285, derick.
[08-13 03:27:52]: [FINE] wuillian_tv logged in 127.0.0.1
[08-13 03:32:57]: [INFO] AuthMe 6.0.0-b2734 disabled!
[08-13 03:35:37]: [INFO] SQLite Setup finished
[08-13 03:35:37]: [INFO] Hooked into Vault!
[08-13 03:35:37]: [INFO] Hooked successfully into Essentials
[08-13 03:35:37]: [INFO] Essentials spawn file not found: '/workspaces/servidor/plugins/Essentials/spawn.yml'
[08-13 03:35:37]: [WARN] WARNING! The protectInventory feature requires PacketEvents! Disabling it...
[08-13 03:35:37]: [INFO] AuthMe 6.0.0 build n.2734 successfully enabled!
[08-13 03:35:44]: [INFO] Downloading GEO IP database, because the old database is older than 30 days or doesn't exist
[08-13 03:35:44]: [WARN] No MaxMind credentials found in the configuration file! GeoIp protections will be disabled.
[08-13 03:35:44]: [INFO] There is no newer GEO IP database uploaded to MaxMind. Using the old one for now.
[08-13 03:35:44]: [WARN] Could not download GeoLiteAPI database [FileNotFoundException]: plugins/AuthMe/GeoLite2-Country.mmdb (No such file or directory)
[08-13 03:35:44]: java.io.FileNotFoundException: plugins/AuthMe/GeoLite2-Country.mmdb (No such file or directory)
	at java.base/java.io.RandomAccessFile.open0(Native Method)
	at java.base/java.io.RandomAccessFile.open(RandomAccessFile.java:338)
	at java.base/java.io.RandomAccessFile.<init>(RandomAccessFile.java:257)
	at java.base/java.io.RandomAccessFile.<init>(RandomAccessFile.java:211)
	at com.maxmind.db.BufferHolder.<init>(BufferHolder.java:19)
	at com.maxmind.db.Reader.<init>(Reader.java:119)
	at com.maxmind.geoip2.DatabaseReader.<init>(DatabaseReader.java:106)
	at com.maxmind.geoip2.DatabaseReader$Builder.build(DatabaseReader.java:238)
	at AuthMe-6.0.0-Paper.jar//fr.xephi.authme.service.GeoIpService.startReading(GeoIpService.java:183)
	at AuthMe-6.0.0-Paper.jar//fr.xephi.authme.service.GeoIpService.updateDatabase(GeoIpService.java:150)
	at org.bukkit.craftbukkit.scheduler.CraftTask.run(CraftTask.java:78)
	at org.bukkit.craftbukkit.scheduler.CraftAsyncTask.run(CraftAsyncTask.java:57)
	at com.destroystokyo.paper.ServerSchedulerReportingWrapper.run(ServerSchedulerReportingWrapper.java:22)
	at java.base/java.util.concurrent.ThreadPoolExecutor.runWorker(ThreadPoolExecutor.java:1090)
	at java.base/java.util.concurrent.ThreadPoolExecutor$Worker.run(ThreadPoolExecutor.java:614)
	at java.base/java.lang.Thread.run(Thread.java:1474)

[08-13 03:35:58]: [FINE] The user wuillian_tv has 3 accounts:
[08-13 03:35:58]: [FINE] §7§awuillian_tv§7, .derick3285, derick.
[08-13 03:35:58]: [FINE] wuillian_tv logged in 127.0.0.1
[08-13 03:44:36]: [INFO] AuthMe 6.0.0-b2734 disabled!
[08-13 03:47:41]: [INFO] SQLite Setup finished
[08-13 03:47:41]: [INFO] Hooked into Vault!
[08-13 03:47:41]: [INFO] Hooked successfully into Essentials
[08-13 03:47:41]: [INFO] Essentials spawn file not found: '/workspaces/servidor/plugins/Essentials/spawn.yml'
[08-13 03:47:41]: [WARN] WARNING! The protectInventory feature requires PacketEvents! Disabling it...
[08-13 03:47:42]: [INFO] AuthMe 6.0.0 build n.2734 successfully enabled!
[08-13 03:47:48]: [INFO] Downloading GEO IP database, because the old database is older than 30 days or doesn't exist
[08-13 03:47:48]: [WARN] No MaxMind credentials found in the configuration file! GeoIp protections will be disabled.
[08-13 03:47:48]: [INFO] There is no newer GEO IP database uploaded to MaxMind. Using the old one for now.
[08-13 03:47:48]: [WARN] Could not download GeoLiteAPI database [FileNotFoundException]: plugins/AuthMe/GeoLite2-Country.mmdb (No such file or directory)
[08-13 03:47:48]: java.io.FileNotFoundException: plugins/AuthMe/GeoLite2-Country.mmdb (No such file or directory)
	at java.base/java.io.RandomAccessFile.open0(Native Method)
	at java.base/java.io.RandomAccessFile.open(RandomAccessFile.java:338)
	at java.base/java.io.RandomAccessFile.<init>(RandomAccessFile.java:257)
	at java.base/java.io.RandomAccessFile.<init>(RandomAccessFile.java:211)
	at com.maxmind.db.BufferHolder.<init>(BufferHolder.java:19)
	at com.maxmind.db.Reader.<init>(Reader.java:119)
	at com.maxmind.geoip2.DatabaseReader.<init>(DatabaseReader.java:106)
	at com.maxmind.geoip2.DatabaseReader$Builder.build(DatabaseReader.java:238)
	at AuthMe-6.0.0-Paper.jar//fr.xephi.authme.service.GeoIpService.startReading(GeoIpService.java:183)
	at AuthMe-6.0.0-Paper.jar//fr.xephi.authme.service.GeoIpService.updateDatabase(GeoIpService.java:150)
	at org.bukkit.craftbukkit.scheduler.CraftTask.run(CraftTask.java:78)
	at org.bukkit.craftbukkit.scheduler.CraftAsyncTask.run(CraftAsyncTask.java:57)
	at com.destroystokyo.paper.ServerSchedulerReportingWrapper.run(ServerSchedulerReportingWrapper.java:22)
	at java.base/java.util.concurrent.ThreadPoolExecutor.runWorker(ThreadPoolExecutor.java:1090)
	at java.base/java.util.concurrent.ThreadPoolExecutor$Worker.run(ThreadPoolExecutor.java:614)
	at java.base/java.lang.Thread.run(Thread.java:1474)

[08-13 03:48:23]: [FINE] The user wuillian_tv has 3 accounts:
[08-13 03:48:23]: [FINE] §7§awuillian_tv§7, .derick3285, derick.
[08-13 03:48:23]: [FINE] wuillian_tv logged in 127.0.0.1
[08-13 03:53:33]: [INFO] AuthMe 6.0.0-b2734 disabled!
[08-13 03:54:25]: [INFO] SQLite Setup finished
[08-13 03:54:25]: [INFO] Hooked into Vault!
[08-13 03:54:25]: [INFO] Hooked successfully into Essentials
[08-13 03:54:25]: [INFO] Essentials spawn file not found: '/workspaces/servidor/plugins/Essentials/spawn.yml'
[08-13 03:54:26]: [WARN] WARNING! The protectInventory feature requires PacketEvents! Disabling it...
[08-13 03:54:26]: [INFO] AuthMe 6.0.0 build n.2734 successfully enabled!
[08-13 03:54:32]: [INFO] Downloading GEO IP database, because the old database is older than 30 days or doesn't exist
[08-13 03:54:32]: [WARN] No MaxMind credentials found in the configuration file! GeoIp protections will be disabled.
[08-13 03:54:32]: [INFO] There is no newer GEO IP database uploaded to MaxMind. Using the old one for now.
[08-13 03:54:32]: [WARN] Could not download GeoLiteAPI database [FileNotFoundException]: plugins/AuthMe/GeoLite2-Country.mmdb (No such file or directory)
[08-13 03:54:32]: java.io.FileNotFoundException: plugins/AuthMe/GeoLite2-Country.mmdb (No such file or directory)
	at java.base/java.io.RandomAccessFile.open0(Native Method)
	at java.base/java.io.RandomAccessFile.open(RandomAccessFile.java:338)
	at java.base/java.io.RandomAccessFile.<init>(RandomAccessFile.java:257)
	at java.base/java.io.RandomAccessFile.<init>(RandomAccessFile.java:211)
	at com.maxmind.db.BufferHolder.<init>(BufferHolder.java:19)
	at com.maxmind.db.Reader.<init>(Reader.java:119)
	at com.maxmind.geoip2.DatabaseReader.<init>(DatabaseReader.java:106)
	at com.maxmind.geoip2.DatabaseReader$Builder.build(DatabaseReader.java:238)
	at AuthMe-6.0.0-Paper.jar//fr.xephi.authme.service.GeoIpService.startReading(GeoIpService.java:183)
	at AuthMe-6.0.0-Paper.jar//fr.xephi.authme.service.GeoIpService.updateDatabase(GeoIpService.java:150)
	at org.bukkit.craftbukkit.scheduler.CraftTask.run(CraftTask.java:78)
	at org.bukkit.craftbukkit.scheduler.CraftAsyncTask.run(CraftAsyncTask.java:57)
	at com.destroystokyo.paper.ServerSchedulerReportingWrapper.run(ServerSchedulerReportingWrapper.java:22)
	at java.base/java.util.concurrent.ThreadPoolExecutor.runWorker(ThreadPoolExecutor.java:1090)
	at java.base/java.util.concurrent.ThreadPoolExecutor$Worker.run(ThreadPoolExecutor.java:614)
	at java.base/java.lang.Thread.run(Thread.java:1474)

[08-13 03:54:47]: [FINE] The user wuillian_tv has 3 accounts:
[08-13 03:54:47]: [FINE] §7§awuillian_tv§7, .derick3285, derick.
[08-13 03:54:47]: [FINE] wuillian_tv logged in 127.0.0.1
[08-13 04:01:41]: [INFO] AuthMe 6.0.0-b2734 disabled!
[08-13 04:02:22]: [INFO] SQLite Setup finished
[08-13 04:02:22]: [INFO] Hooked into Vault!
[08-13 04:02:22]: [INFO] Hooked successfully into Essentials
[08-13 04:02:22]: [INFO] Essentials spawn file not found: '/workspaces/servidor/plugins/Essentials/spawn.yml'
[08-13 04:02:22]: [WARN] WARNING! The protectInventory feature requires PacketEvents! Disabling it...
[08-13 04:02:22]: [INFO] AuthMe 6.0.0 build n.2734 successfully enabled!
[08-13 04:02:29]: [INFO] Downloading GEO IP database, because the old database is older than 30 days or doesn't exist
[08-13 04:02:29]: [WARN] No MaxMind credentials found in the configuration file! GeoIp protections will be disabled.
[08-13 04:02:29]: [INFO] There is no newer GEO IP database uploaded to MaxMind. Using the old one for now.
[08-13 04:02:29]: [WARN] Could not download GeoLiteAPI database [FileNotFoundException]: plugins/AuthMe/GeoLite2-Country.mmdb (No such file or directory)
[08-13 04:02:29]: java.io.FileNotFoundException: plugins/AuthMe/GeoLite2-Country.mmdb (No such file or directory)
	at java.base/java.io.RandomAccessFile.open0(Native Method)
	at java.base/java.io.RandomAccessFile.open(RandomAccessFile.java:338)
	at java.base/java.io.RandomAccessFile.<init>(RandomAccessFile.java:257)
	at java.base/java.io.RandomAccessFile.<init>(RandomAccessFile.java:211)
	at com.maxmind.db.BufferHolder.<init>(BufferHolder.java:19)
	at com.maxmind.db.Reader.<init>(Reader.java:119)
	at com.maxmind.geoip2.DatabaseReader.<init>(DatabaseReader.java:106)
	at com.maxmind.geoip2.DatabaseReader$Builder.build(DatabaseReader.java:238)
	at AuthMe-6.0.0-Paper.jar//fr.xephi.authme.service.GeoIpService.startReading(GeoIpService.java:183)
	at AuthMe-6.0.0-Paper.jar//fr.xephi.authme.service.GeoIpService.updateDatabase(GeoIpService.java:150)
	at org.bukkit.craftbukkit.scheduler.CraftTask.run(CraftTask.java:78)
	at org.bukkit.craftbukkit.scheduler.CraftAsyncTask.run(CraftAsyncTask.java:57)
	at com.destroystokyo.paper.ServerSchedulerReportingWrapper.run(ServerSchedulerReportingWrapper.java:22)
	at java.base/java.util.concurrent.ThreadPoolExecutor.runWorker(ThreadPoolExecutor.java:1090)
	at java.base/java.util.concurrent.ThreadPoolExecutor$Worker.run(ThreadPoolExecutor.java:614)
	at java.base/java.lang.Thread.run(Thread.java:1474)

[08-13 04:02:39]: [FINE] The user wuillian_tv has 3 accounts:
[08-13 04:02:39]: [FINE] §7§awuillian_tv§7, .derick3285, derick.
[08-13 04:02:39]: [FINE] wuillian_tv logged in 127.0.0.1
[08-13 04:09:59]: [FINE] The user wuillian_tv has 3 accounts:
[08-13 04:09:59]: [FINE] §7§awuillian_tv§7, .derick3285, derick.
[08-13 04:09:59]: [FINE] wuillian_tv logged in 127.0.0.1
[08-13 14:36:05]: [INFO] SQLite Setup finished
[08-13 14:36:05]: [INFO] Hooked into Vault!
[08-13 14:36:05]: [INFO] Hooked successfully into Essentials
[08-13 14:36:05]: [INFO] Essentials spawn file not found: '/workspaces/servidor/plugins/Essentials/spawn.yml'
[08-13 14:36:05]: [WARN] WARNING! The protectInventory feature requires PacketEvents! Disabling it...
[08-13 14:36:05]: [INFO] AuthMe 6.0.0 build n.2734 successfully enabled!
[08-13 14:36:13]: [INFO] Downloading GEO IP database, because the old database is older than 30 days or doesn't exist
[08-13 14:36:13]: [WARN] No MaxMind credentials found in the configuration file! GeoIp protections will be disabled.
[08-13 14:36:13]: [INFO] There is no newer GEO IP database uploaded to MaxMind. Using the old one for now.
[08-13 14:36:13]: [WARN] Could not download GeoLiteAPI database [FileNotFoundException]: plugins/AuthMe/GeoLite2-Country.mmdb (No such file or directory)
[08-13 14:36:13]: java.io.FileNotFoundException: plugins/AuthMe/GeoLite2-Country.mmdb (No such file or directory)
	at java.base/java.io.RandomAccessFile.open0(Native Method)
	at java.base/java.io.RandomAccessFile.open(RandomAccessFile.java:338)
	at java.base/java.io.RandomAccessFile.<init>(RandomAccessFile.java:257)
	at java.base/java.io.RandomAccessFile.<init>(RandomAccessFile.java:211)
	at com.maxmind.db.BufferHolder.<init>(BufferHolder.java:19)
	at com.maxmind.db.Reader.<init>(Reader.java:119)
	at com.maxmind.geoip2.DatabaseReader.<init>(DatabaseReader.java:106)
	at com.maxmind.geoip2.DatabaseReader$Builder.build(DatabaseReader.java:238)
	at AuthMe-6.0.0-Paper.jar//fr.xephi.authme.service.GeoIpService.startReading(GeoIpService.java:183)
	at AuthMe-6.0.0-Paper.jar//fr.xephi.authme.service.GeoIpService.updateDatabase(GeoIpService.java:150)
	at org.bukkit.craftbukkit.scheduler.CraftTask.run(CraftTask.java:78)
	at org.bukkit.craftbukkit.scheduler.CraftAsyncTask.run(CraftAsyncTask.java:57)
	at com.destroystokyo.paper.ServerSchedulerReportingWrapper.run(ServerSchedulerReportingWrapper.java:22)
	at java.base/java.util.concurrent.ThreadPoolExecutor.runWorker(ThreadPoolExecutor.java:1090)
	at java.base/java.util.concurrent.ThreadPoolExecutor$Worker.run(ThreadPoolExecutor.java:614)
	at java.base/java.lang.Thread.run(Thread.java:1474)

[08-13 14:42:00]: [FINE] The user wuillian_tv has 3 accounts:
[08-13 14:42:00]: [FINE] §7§awuillian_tv§7, .derick3285, derick.
[08-13 14:42:00]: [FINE] wuillian_tv logged in 127.0.0.1
[08-13 14:51:29]: [FINE] The user derick has 3 accounts:
[08-13 14:51:29]: [FINE] §7§awuillian_tv§7, .derick3285, §aderick§7.
[08-13 14:51:29]: [FINE] derick logged in 127.0.0.1
[08-13 15:45:05]: [INFO] SQLite Setup finished
[08-13 15:45:05]: [INFO] Hooked into Vault!
[08-13 15:45:06]: [INFO] Hooked successfully into Essentials
[08-13 15:45:06]: [INFO] Essentials spawn file not found: '/workspaces/servidor/plugins/Essentials/spawn.yml'
[08-13 15:45:06]: [WARN] WARNING! The protectInventory feature requires PacketEvents! Disabling it...
[08-13 15:45:06]: [INFO] AuthMe 6.0.0 build n.2734 successfully enabled!
[08-13 15:45:14]: [INFO] Downloading GEO IP database, because the old database is older than 30 days or doesn't exist
[08-13 15:45:14]: [WARN] No MaxMind credentials found in the configuration file! GeoIp protections will be disabled.
[08-13 15:45:14]: [INFO] There is no newer GEO IP database uploaded to MaxMind. Using the old one for now.
[08-13 15:45:14]: [WARN] Could not download GeoLiteAPI database [FileNotFoundException]: plugins/AuthMe/GeoLite2-Country.mmdb (No such file or directory)
[08-13 15:45:14]: java.io.FileNotFoundException: plugins/AuthMe/GeoLite2-Country.mmdb (No such file or directory)
	at java.base/java.io.RandomAccessFile.open0(Native Method)
	at java.base/java.io.RandomAccessFile.open(RandomAccessFile.java:338)
	at java.base/java.io.RandomAccessFile.<init>(RandomAccessFile.java:257)
	at java.base/java.io.RandomAccessFile.<init>(RandomAccessFile.java:211)
	at com.maxmind.db.BufferHolder.<init>(BufferHolder.java:19)
	at com.maxmind.db.Reader.<init>(Reader.java:119)
	at com.maxmind.geoip2.DatabaseReader.<init>(DatabaseReader.java:106)
	at com.maxmind.geoip2.DatabaseReader$Builder.build(DatabaseReader.java:238)
	at AuthMe-6.0.0-Paper.jar//fr.xephi.authme.service.GeoIpService.startReading(GeoIpService.java:183)
	at AuthMe-6.0.0-Paper.jar//fr.xephi.authme.service.GeoIpService.updateDatabase(GeoIpService.java:150)
	at org.bukkit.craftbukkit.scheduler.CraftTask.run(CraftTask.java:78)
	at org.bukkit.craftbukkit.scheduler.CraftAsyncTask.run(CraftAsyncTask.java:57)
	at com.destroystokyo.paper.ServerSchedulerReportingWrapper.run(ServerSchedulerReportingWrapper.java:22)
	at java.base/java.util.concurrent.ThreadPoolExecutor.runWorker(ThreadPoolExecutor.java:1090)
	at java.base/java.util.concurrent.ThreadPoolExecutor$Worker.run(ThreadPoolExecutor.java:614)
	at java.base/java.lang.Thread.run(Thread.java:1474)

[08-13 15:45:31]: [FINE] The user derick has 3 accounts:
[08-13 15:45:31]: [FINE] §7wuillian_tv, .derick3285, §aderick§7.
[08-13 15:45:31]: [FINE] derick logged in 127.0.0.1
[08-13 15:48:18]: [FINE] The user wuillian_tv has 3 accounts:
[08-13 15:48:18]: [FINE] §7§awuillian_tv§7, .derick3285, §aderick§7.
[08-13 15:48:18]: [FINE] wuillian_tv logged in 127.0.0.1
[08-13 16:01:42]: [FINE] The user wuillian_tv has 3 accounts:
[08-13 16:01:42]: [FINE] §7§awuillian_tv§7, .derick3285, derick.
[08-13 16:01:42]: [FINE] wuillian_tv logged in 127.0.0.1
[08-13 16:13:39]: [FINE] The user wuillian_tv has 3 accounts:
[08-13 16:13:39]: [FINE] §7§awuillian_tv§7, .derick3285, derick.
[08-13 16:13:39]: [FINE] wuillian_tv logged in 127.0.0.1
[08-13 16:18:12]: [FINE] The user wuillian_tv has 3 accounts:
[08-13 16:18:12]: [FINE] §7§awuillian_tv§7, .derick3285, derick.
[08-13 16:18:12]: [FINE] wuillian_tv logged in 127.0.0.1
[08-13 16:42:44]: [FINE] The user wuillian_tv has 3 accounts:
[08-13 16:42:44]: [FINE] §7§awuillian_tv§7, .derick3285, derick.
[08-13 16:42:44]: [FINE] wuillian_tv logged in 127.0.0.1
[08-13 23:09:27]: [INFO] SQLite Setup finished
[08-13 23:09:27]: [INFO] Hooked into Vault!
[08-13 23:09:27]: [INFO] Hooked successfully into Essentials
[08-13 23:09:27]: [INFO] Essentials spawn file not found: '/workspaces/servidor/plugins/Essentials/spawn.yml'
[08-13 23:09:27]: [WARN] WARNING! The protectInventory feature requires PacketEvents! Disabling it...
[08-13 23:09:27]: [INFO] AuthMe 6.0.0 build n.2734 successfully enabled!
[08-13 23:09:36]: [INFO] Downloading GEO IP database, because the old database is older than 30 days or doesn't exist
[08-13 23:09:36]: [WARN] No MaxMind credentials found in the configuration file! GeoIp protections will be disabled.
[08-13 23:09:36]: [INFO] There is no newer GEO IP database uploaded to MaxMind. Using the old one for now.
[08-13 23:09:36]: [WARN] Could not download GeoLiteAPI database [FileNotFoundException]: plugins/AuthMe/GeoLite2-Country.mmdb (No such file or directory)
[08-13 23:09:36]: java.io.FileNotFoundException: plugins/AuthMe/GeoLite2-Country.mmdb (No such file or directory)
	at java.base/java.io.RandomAccessFile.open0(Native Method)
	at java.base/java.io.RandomAccessFile.open(RandomAccessFile.java:338)
	at java.base/java.io.RandomAccessFile.<init>(RandomAccessFile.java:257)
	at java.base/java.io.RandomAccessFile.<init>(RandomAccessFile.java:211)
	at com.maxmind.db.BufferHolder.<init>(BufferHolder.java:19)
	at com.maxmind.db.Reader.<init>(Reader.java:119)
	at com.maxmind.geoip2.DatabaseReader.<init>(DatabaseReader.java:106)
	at com.maxmind.geoip2.DatabaseReader$Builder.build(DatabaseReader.java:238)
	at AuthMe-6.0.0-Paper.jar//fr.xephi.authme.service.GeoIpService.startReading(GeoIpService.java:183)
	at AuthMe-6.0.0-Paper.jar//fr.xephi.authme.service.GeoIpService.updateDatabase(GeoIpService.java:150)
	at org.bukkit.craftbukkit.scheduler.CraftTask.run(CraftTask.java:78)
	at org.bukkit.craftbukkit.scheduler.CraftAsyncTask.run(CraftAsyncTask.java:57)
	at com.destroystokyo.paper.ServerSchedulerReportingWrapper.run(ServerSchedulerReportingWrapper.java:22)
	at java.base/java.util.concurrent.ThreadPoolExecutor.runWorker(ThreadPoolExecutor.java:1090)
	at java.base/java.util.concurrent.ThreadPoolExecutor$Worker.run(ThreadPoolExecutor.java:614)
	at java.base/java.lang.Thread.run(Thread.java:1474)

[08-13 23:10:49]: [FINE] The user derick has 3 accounts:
[08-13 23:10:49]: [FINE] §7wuillian_tv, .derick3285, §aderick§7.
[08-13 23:10:49]: [FINE] derick logged in 127.0.0.1
[08-13 23:14:23]: [FINE] The user wuillian_tv has 3 accounts:
[08-13 23:14:23]: [FINE] §7§awuillian_tv§7, .derick3285, §aderick§7.
[08-13 23:14:23]: [FINE] wuillian_tv logged in 127.0.0.1
[08-14 00:24:46]: [INFO] AuthMe 6.0.0-b2734 disabled!
[08-14 00:55:02]: [INFO] SQLite Setup finished
[08-14 00:55:02]: [INFO] Hooked into Vault!
[08-14 00:55:02]: [INFO] Hooked successfully into Essentials
[08-14 00:55:02]: [INFO] Essentials spawn file not found: '/workspaces/servidor/plugins/Essentials/spawn.yml'
[08-14 00:55:02]: [WARN] WARNING! The protectInventory feature requires PacketEvents! Disabling it...
[08-14 00:55:03]: [INFO] AuthMe 6.0.0 build n.2734 successfully enabled!
[08-14 00:55:10]: [INFO] Downloading GEO IP database, because the old database is older than 30 days or doesn't exist
[08-14 00:55:10]: [WARN] No MaxMind credentials found in the configuration file! GeoIp protections will be disabled.
[08-14 00:55:10]: [INFO] There is no newer GEO IP database uploaded to MaxMind. Using the old one for now.
[08-14 00:55:10]: [WARN] Could not download GeoLiteAPI database [FileNotFoundException]: plugins/AuthMe/GeoLite2-Country.mmdb (No such file or directory)
[08-14 00:55:10]: java.io.FileNotFoundException: plugins/AuthMe/GeoLite2-Country.mmdb (No such file or directory)
	at java.base/java.io.RandomAccessFile.open0(Native Method)
	at java.base/java.io.RandomAccessFile.open(RandomAccessFile.java:338)
	at java.base/java.io.RandomAccessFile.<init>(RandomAccessFile.java:257)
	at java.base/java.io.RandomAccessFile.<init>(RandomAccessFile.java:211)
	at com.maxmind.db.BufferHolder.<init>(BufferHolder.java:19)
	at com.maxmind.db.Reader.<init>(Reader.java:119)
	at com.maxmind.geoip2.DatabaseReader.<init>(DatabaseReader.java:106)
	at com.maxmind.geoip2.DatabaseReader$Builder.build(DatabaseReader.java:238)
	at AuthMe-6.0.0-Paper.jar//fr.xephi.authme.service.GeoIpService.startReading(GeoIpService.java:183)
	at AuthMe-6.0.0-Paper.jar//fr.xephi.authme.service.GeoIpService.updateDatabase(GeoIpService.java:150)
	at org.bukkit.craftbukkit.scheduler.CraftTask.run(CraftTask.java:78)
	at org.bukkit.craftbukkit.scheduler.CraftAsyncTask.run(CraftAsyncTask.java:57)
	at com.destroystokyo.paper.ServerSchedulerReportingWrapper.run(ServerSchedulerReportingWrapper.java:22)
	at java.base/java.util.concurrent.ThreadPoolExecutor.runWorker(ThreadPoolExecutor.java:1090)
	at java.base/java.util.concurrent.ThreadPoolExecutor$Worker.run(ThreadPoolExecutor.java:614)
	at java.base/java.lang.Thread.run(Thread.java:1474)

[08-14 01:31:11]: [FINE] The user wuillian_tv has 3 accounts:
[08-14 01:31:11]: [FINE] §7§awuillian_tv§7, .derick3285, derick.
[08-14 01:31:11]: [FINE] wuillian_tv logged in 127.0.0.1
