00:55 wuillian_tv: ta onde
00:55 wuillian_tv: bugado?
00:55 .derick3285: opa
00:55 .derick3285: to no cll
00:56 wuillian_tv: da /warp lobby
00:56 wuillian_tv: da /warp lobby
00:56 wuillian_tv: da /warp lobby
00:56 wuillian_tv: da /warp lobby
00:56 wuillian_tv: da /warp lobby
00:56 wuillian_tv: da /warp lobby
00:56 .derick3285: vc n tem acesso a esse comando
00:59 wuillian_tv: tenta tpa em mim
01:00 wuillian_tv: tenta tpa em mim
01:04 wuillian_tv: morre ai
01:04 wuillian_tv: renasce
01:04 .derick3285: como assim?
01:06 wuillian_tv: pera ai
01:07 wuillian_tv: tenta dar tpa em mim
01:08 .derick3285: vc n tem acesso a esse comando
01:09 wuillian_tv: vou fechar e arrumar
01:10 wuillian_tv: te aviso
01:10 .derick3285: blz
01:17 wuillian_tv: da tpa aqui
01:17 derick     : oxiiiiii
01:17 wuillian_tv: era pra vc nascer aqui mais nao ta dando
01:17 wuillian_tv: quebra so isso aqui pra eu ver uma coisa
01:18 wuillian_tv: tapete
01:18 wuillian_tv: nada?
01:18 derick     : n
01:18 wuillian_tv: boa
01:18 wuillian_tv: testa aqui
01:18 wuillian_tv: entrou na loja?
01:18 derick     : sim
01:18 wuillian_tv: boaaaaaaaaaaaaa
01:18 wuillian_tv: aqui agora
01:19 wuillian_tv: testa no mundo normal
01:19 wuillian_tv: rtp
01:19 wuillian_tv: boaaaaaaaaaa
01:19 wuillian_tv: da tpa
01:19 derick     : fui teleportado
01:19 wuillian_tv: boaaaaaaaaaa
01:19 wuillian_tv: da tpa
01:20 wuillian_tv: e isso quase
01:20 wuillian_tv: ficou top?
01:20 derick     : aham
01:21 wuillian_tv: se quiser jogar pode mais vou fazer uns bagulho pro server quase 1 minutos ou 4 minutos eu desligo ele pra adicionar coisas
01:21 wuillian_tv: se quiser jogar pode
01:21 derick     : so que eu n sei sair aqui
01:21 wuillian_tv: tenta /sellgui
01:21 wuillian_tv: aparece um painel?
01:21 derick     : sim
01:22 wuillian_tv: COLOCA ESSE COMANDO E COLOCA ESSE ITEM LA DENTRO
01:22 derick     : aparece uma estrela
01:22 wuillian_tv: COLOCA ESSE COMANDO E COLOCA ESSE ITEM LA DENTRO]
01:22 wuillian_tv: vc vai vender esse item
01:22 wuillian_tv: boaaaaaaaa
01:22 derick     : caraaaii
01:22 wuillian_tv: vi aqui no console deu serto
01:22 wuillian_tv: da /warp lobby
01:23 wuillian_tv: boaaaaaaaaaaaaaaaaaaa
01:23 wuillian_tv: da /pay meu nome e 40
01:23 derick     : como assim
01:24 wuillian_tv: ./pay wuillian_tv 45
01:24 wuillian_tv: isso transfere seu dinheiro
01:24 wuillian_tv: quero ver se funciona[
01:24 wuillian_tv: deu nao?
01:24 derick     : vc n pode pagar usuarios off line
01:24 wuillian_tv: ???
01:25 derick     : apareceu aqui
01:25 wuillian_tv: eu deu
01:25 wuillian_tv: mandei 1000
01:25 derick     : recebi'
01:25 wuillian_tv: entra no celular e manda
01:25 wuillian_tv: ´pra conta
01:25 derick     : como assim?
01:26 wuillian_tv: entra no bedrock quando entrar da /pay nick do sua conta e 1000
01:26 derick     : bl
01:26 wuillian_tv: ./pay nome valot
01:26 wuillian_tv: ./pay nome valor
01:27 derick     : ta travando
01:27 wuillian_tv: pc?
01:27 derick     : o cll
01:28 wuillian_tv: normal
01:28 derick     : n carrega os servidores
01:28 wuillian_tv: e porque tem o msm nome por isso
01:28 wuillian_tv: mais deu certo
01:29 wuillian_tv: vai jogar?
01:29 derick     : sim
01:29 wuillian_tv: olha isso derick
01:29 wuillian_tv: botao direito
01:30 wuillian_tv: olha pra sima
01:30 derick     : n vai
01:30 wuillian_tv: kkkkkkkkkkkkkkkkkkkkk
01:30 derick     : akkkkkkkkkkkkkkk
01:30 wuillian_tv: boa
01:30 wuillian_tv: da tpa em mim
01:31 wuillian_tv: ./pay nome valor
01:31 wuillian_tv: testa ai
01:31 .derick3285: o meu nome?
01:31 wuillian_tv: .derick com ponto
01:31 wuillian_tv: boa
01:31 wuillian_tv: deu certo vi aqui
01:32 wuillian_tv: deu ne?
01:32 derick     : eu n tenho dinehiro
01:32 wuillian_tv: outra conta tem
01:32 wuillian_tv: olha la
01:32 wuillian_tv: e da o comando /money
01:32 derick     : agr foi
01:32 wuillian_tv: e da o comando /money
01:33 wuillian_tv: pra ver o dinheiro seu
01:33 derick     : meu cll ta com 5 porcento
01:33 wuillian_tv: kkkkkkkkkkkkkkkkk
01:33 wuillian_tv: era so isso pode desligar ou carregar ele
01:33 derick     : so tenho 45
01:33 wuillian_tv: sim porque vc mandou 1000 e antes vc vender a coisa por 45
01:33 derick     : eu quero jogar um pouco no serv
01:34 derick     : aaaaaaaaaaaaaaaaa
01:35 wuillian_tv: pera ai
01:35 derick     : como eu volto?
01:35 wuillian_tv: aqui
01:35 wuillian_tv: ou /rtp
01:38 wuillian_tv: ja volto vou no banheiro
01:39 derick     : blz
01:45 wuillian_tv: derick
01:45 wuillian_tv: para ai
01:45 derick     : opa
01:45 wuillian_tv: tem villa pra esse lado
01:46 wuillian_tv: tem dima aqui e armadura kkkkkkkkkkk
01:46 wuillian_tv: boaaaaaaaaa
01:46 wuillian_tv: tem dima aqui e armadura kkkkkkkkkkk
01:46 wuillian_tv: boa
01:48 wuillian_tv: vou desligar aqui quita ai que ja ligo o server
01:49 wuillian_tv: vou colocar um arquivo
01:49 wuillian_tv: ok?
01:49 derick     : blz
01:51 wuillian_tv: opa
01:51 derick     : opa
01:51 wuillian_tv: rapido ne kkkkkkkkk
01:51 derick     : hum
01:54 wuillian_tv: vou vazar o ip e porta pro pessoal la ok?
01:54 derick     : bl
01:54 wuillian_tv: boaaa so 1 pessoa pra dormi nao sabia disso
01:54 derick     : viu
01:54 wuillian_tv: boa
01:54 derick     : da pro pessoal dar tpa em mim
01:57 wuillian_tv: kkkkkk
01:57 wuillian_tv: base ai?
01:58 derick     : temporarua
01:58 wuillian_tv: ok
01:58 wuillian_tv: vou arrumar um plugin pra kits aqui ok? dps aviso quando vou desligar ok?
01:59 derick     : blz
02:05 derick     : como faz bau
02:05 wuillian_tv: faz assim
02:05 wuillian_tv: so copia
02:06 wuillian_tv: olha aqui
02:07 wuillian_tv: ?
02:09 wuillian_tv: vou desligar aqui
02:10 wuillian_tv: quita ai
02:10 derick     : bl
02:12 derick    : consegue me dar 5 packs de terra
02:15 wuillian_tv: s
02:16 derick     : vou cobrir com pedra lisa
02:16 derick     : ´pr dentro
02:19 wuillian_tv: olha qui derick dima
02:19 wuillian_tv: olha qui derick dima
02:19 wuillian_tv: olha qui derick dima
02:19 wuillian_tv: olha qui derick dima
02:19 wuillian_tv: olha qui derick dima
02:20 wuillian_tv: ne nao?
02:20 derick     : n
02:20 wuillian_tv: bugado pra porra minha testura
02:20 wuillian_tv: ja volto
02:34 derick     : e wuillian
02:42 derick     : E WUILLIAN
02:42 wuillian_tv: oi
02:42 derick     : QUAL COMANDO PRA PROTEGER A BBASE
02:43 wuillian_tv: botao direito
02:44 wuillian_tv: vem ca
02:44 derick     : N VAI ESSA PORRA
02:45 derick     : ACHO QUE FOI
02:45 wuillian_tv: foi
02:45 derick     : BLZ
02:45 derick     : EU VOU DORMIR
02:46 wuillian_tv: ta bom boa noite
02:46 derick     : vlw ai pra vc tambem
14:51 wuillian_tv: eae
14:51 derick     : opaa
14:52 wuillian_tv: quer comprar meu vip nao olha como ele e
14:52 wuillian_tv: e tem mais coisas
14:52 derick     : cara se consegue me dar 2 picaretas de ferro?
14:52 derick     : por enquano to de boa
14:53 wuillian_tv: aqui em sima tem 3 ferro da pra fazer 1 picareta
14:53 wuillian_tv: vem
14:56 wuillian_tv: fui flw vou testar nao mexer no console do server br ver minha engenhoca se deu certo ate as 4 horas da tarde
14:57 derick     : blz
15:48 wuillian_tv: entrou agora quando eu liguei ou ja tava jogando?
15:48 derick     : daqui a pouco ja vo trablhar
15:49 wuillian_tv: entrou agora quando eu liguei ou ja tava jogando?
15:49 derick     : entrei so pra dar uma minerada
15:49 wuillian_tv: entrou agora? quando liguei?
15:49 derick     : entrei agr
15:50 derick     : aaaaaaaaaaaaaaaaaaaaaaaaaaaaaaaaa
23:14 wuillian_tv: entrei
23:14 derick     : opa
23:14 wuillian_tv: opa
23:14 derick     : cara eu morri tentando nadar na lava
23:16 wuillian_tv: quer comprar esse kit la que amostrei? e mais 1 milhao de dinheiro pra vc comprar itens no /shop e mais 100mil blocos de proteger?
23:16 wuillian_tv: faço pro 10 reais
23:16 wuillian_tv: te amostro oque vem
23:16 derick     : eu to zerado cara
23:16 wuillian_tv: com 2k zerado?
23:17 derick     : to so esperando reseber
23:17 wuillian_tv: o derick quando eu trabalhar e ganhar meu primeiro salario vc me ajuda a comprar uma host paga para nosso server? ai vc pode ser adm do server?
23:18 wuillian_tv: pode ser?
23:18 derick     : dependendo de quanto ta
23:18 derick     : viu eu tenho que falar com vc
23:18 derick     : eu acho que agente vai se mudar
23:18 wuillian_tv: metade pra cada se for 200 e 100 pra cada 50% pra cada pagar
23:18 derick     : blz
23:19 wuillian_tv: ok
23:19 derick     : agente talvez vai morar com o kleito na casa dele
23:19 derick     : o problema é quue eu vou morar na vicentina
23:19 wuillian_tv: melhor la cara tem 5 quarto ai tem so 4
23:20 wuillian_tv: tem esse problema msm
23:20 derick     : so que agente vai ficar com a frente da casa e o kleito na parte de tras então um quarto é so dele
23:21 wuillian_tv: tem parte separada? nao e tudo junto?
23:21 derick     : n
23:21 wuillian_tv: tipo casa atraz e outra na frente?
23:21 derick     : sim
23:21 wuillian_tv: merda em mais ta bom
23:21 wuillian_tv: tinha que ser junto essa familha ai em kkkkk
23:22 derick     : na parte de traz tem cozinha banheiro 1 quarto
23:22 wuillian_tv: ee bom pra ele msm
23:22 wuillian_tv: escolheu bem
23:22 derick     : e fora que pro lado tem a garagem que da pra gente jogar bola
23:23 wuillian_tv: verdade
23:23 wuillian_tv: vai direto
23:23 wuillian_tv: que tem caverna ai
23:24 derick     : oxi
23:24 derick     : se ta no modo espectador
23:24 derick     : carai que susto
23:24 wuillian_tv: aquiii
23:24 wuillian_tv: isso e dima?
23:25 derick     : n
23:25 wuillian_tv: da tpa
23:25 derick     : calma
23:26 derick     : PQ É PRA DAR TPA?
23:26 wuillian_tv: nada nao
23:27 wuillian_tv: aquiiiii
23:28 wuillian_tv: aquiiiii
23:33 derick     : dms
23:33 wuillian_tv: kkkkkkkkkkkkk
23:34 derick     : priciso de comida
23:34 wuillian_tv: ta ai
23:35 derick     : quase morri
23:35 wuillian_tv: kk
23:36 derick     : se consegue mudar todas as paredes pra essa madera que ta no chão
23:37 derick     : de baia
23:39 wuillian_tv: kkkkkkkkkkkkkkkkkkkk
23:40 derick     : vou sair
23:40 wuillian_tv: vai fazer oque?
23:40 derick     : vou jogar e football
23:40 wuillian_tv: vai la
